Archive member included to satisfy reference by file (symbol)

/usr/lib/gcc/arm-none-eabi/14.2.0/../../../../arm-none-eabi/lib/thumb/v7e-m+fp/hard/libc_nano.a(libc_a-atexit.o)
                              /usr/lib/gcc/arm-none-eabi/14.2.0/../../../../arm-none-eabi/lib/thumb/v7e-m+fp/hard/crt0.o (atexit)
/usr/lib/gcc/arm-none-eabi/14.2.0/../../../../arm-none-eabi/lib/thumb/v7e-m+fp/hard/libc_nano.a(libc_a-exit.o)
                              /usr/lib/gcc/arm-none-eabi/14.2.0/../../../../arm-none-eabi/lib/thumb/v7e-m+fp/hard/crt0.o (exit)
/usr/lib/gcc/arm-none-eabi/14.2.0/../../../../arm-none-eabi/lib/thumb/v7e-m+fp/hard/libc_nano.a(libc_a-findfp.o)
                              /usr/lib/gcc/arm-none-eabi/14.2.0/../../../../arm-none-eabi/lib/thumb/v7e-m+fp/hard/libc_nano.a(libc_a-exit.o) (__stdio_exit_handler)
/usr/lib/gcc/arm-none-eabi/14.2.0/../../../../arm-none-eabi/lib/thumb/v7e-m+fp/hard/libc_nano.a(libc_a-fwalk.o)
                              /usr/lib/gcc/arm-none-eabi/14.2.0/../../../../arm-none-eabi/lib/thumb/v7e-m+fp/hard/libc_nano.a(libc_a-findfp.o) (_fwalk_sglue)
/usr/lib/gcc/arm-none-eabi/14.2.0/../../../../arm-none-eabi/lib/thumb/v7e-m+fp/hard/libc_nano.a(libc_a-sprintf.o)
                              ./Core/Src/main.o (sprintf)
/usr/lib/gcc/arm-none-eabi/14.2.0/../../../../arm-none-eabi/lib/thumb/v7e-m+fp/hard/libc_nano.a(libc_a-stdio.o)
                              /usr/lib/gcc/arm-none-eabi/14.2.0/../../../../arm-none-eabi/lib/thumb/v7e-m+fp/hard/libc_nano.a(libc_a-findfp.o) (__sread)
/usr/lib/gcc/arm-none-eabi/14.2.0/../../../../arm-none-eabi/lib/thumb/v7e-m+fp/hard/libc_nano.a(libc_a-memset.o)
                              /usr/lib/gcc/arm-none-eabi/14.2.0/../../../../arm-none-eabi/lib/thumb/v7e-m+fp/hard/crt0.o (memset)
/usr/lib/gcc/arm-none-eabi/14.2.0/../../../../arm-none-eabi/lib/thumb/v7e-m+fp/hard/libc_nano.a(libc_a-closer.o)
                              /usr/lib/gcc/arm-none-eabi/14.2.0/../../../../arm-none-eabi/lib/thumb/v7e-m+fp/hard/libc_nano.a(libc_a-stdio.o) (_close_r)
/usr/lib/gcc/arm-none-eabi/14.2.0/../../../../arm-none-eabi/lib/thumb/v7e-m+fp/hard/libc_nano.a(libc_a-reent.o)
                              /usr/lib/gcc/arm-none-eabi/14.2.0/../../../../arm-none-eabi/lib/thumb/v7e-m+fp/hard/libc_nano.a(libc_a-closer.o) (errno)
/usr/lib/gcc/arm-none-eabi/14.2.0/../../../../arm-none-eabi/lib/thumb/v7e-m+fp/hard/libc_nano.a(libc_a-impure.o)
                              /usr/lib/gcc/arm-none-eabi/14.2.0/../../../../arm-none-eabi/lib/thumb/v7e-m+fp/hard/libc_nano.a(libc_a-sprintf.o) (_impure_ptr)
/usr/lib/gcc/arm-none-eabi/14.2.0/../../../../arm-none-eabi/lib/thumb/v7e-m+fp/hard/libc_nano.a(libc_a-lseekr.o)
                              /usr/lib/gcc/arm-none-eabi/14.2.0/../../../../arm-none-eabi/lib/thumb/v7e-m+fp/hard/libc_nano.a(libc_a-stdio.o) (_lseek_r)
/usr/lib/gcc/arm-none-eabi/14.2.0/../../../../arm-none-eabi/lib/thumb/v7e-m+fp/hard/libc_nano.a(libc_a-readr.o)
                              /usr/lib/gcc/arm-none-eabi/14.2.0/../../../../arm-none-eabi/lib/thumb/v7e-m+fp/hard/libc_nano.a(libc_a-stdio.o) (_read_r)
/usr/lib/gcc/arm-none-eabi/14.2.0/../../../../arm-none-eabi/lib/thumb/v7e-m+fp/hard/libc_nano.a(libc_a-writer.o)
                              /usr/lib/gcc/arm-none-eabi/14.2.0/../../../../arm-none-eabi/lib/thumb/v7e-m+fp/hard/libc_nano.a(libc_a-stdio.o) (_write_r)
/usr/lib/gcc/arm-none-eabi/14.2.0/../../../../arm-none-eabi/lib/thumb/v7e-m+fp/hard/libc_nano.a(libc_a-errno.o)
                              ./Core/Src/syscalls.o (__errno)
/usr/lib/gcc/arm-none-eabi/14.2.0/../../../../arm-none-eabi/lib/thumb/v7e-m+fp/hard/libc_nano.a(libc_a-init.o)
                              /usr/lib/gcc/arm-none-eabi/14.2.0/../../../../arm-none-eabi/lib/thumb/v7e-m+fp/hard/crt0.o (__libc_init_array)
/usr/lib/gcc/arm-none-eabi/14.2.0/../../../../arm-none-eabi/lib/thumb/v7e-m+fp/hard/libc_nano.a(libc_a-fini.o)
                              /usr/lib/gcc/arm-none-eabi/14.2.0/../../../../arm-none-eabi/lib/thumb/v7e-m+fp/hard/crt0.o (__libc_fini_array)
/usr/lib/gcc/arm-none-eabi/14.2.0/../../../../arm-none-eabi/lib/thumb/v7e-m+fp/hard/libc_nano.a(libc_a-lock.o)
                              /usr/lib/gcc/arm-none-eabi/14.2.0/../../../../arm-none-eabi/lib/thumb/v7e-m+fp/hard/libc_nano.a(libc_a-findfp.o) (__retarget_lock_init_recursive)
/usr/lib/gcc/arm-none-eabi/14.2.0/../../../../arm-none-eabi/lib/thumb/v7e-m+fp/hard/libc_nano.a(libc_a-strlen.o)
                              ./Core/Src/main.o (strlen)
/usr/lib/gcc/arm-none-eabi/14.2.0/../../../../arm-none-eabi/lib/thumb/v7e-m+fp/hard/libc_nano.a(libc_a-__atexit.o)
                              /usr/lib/gcc/arm-none-eabi/14.2.0/../../../../arm-none-eabi/lib/thumb/v7e-m+fp/hard/libc_nano.a(libc_a-atexit.o) (__register_exitproc)
/usr/lib/gcc/arm-none-eabi/14.2.0/../../../../arm-none-eabi/lib/thumb/v7e-m+fp/hard/libc_nano.a(libc_a-__call_atexit.o)
[...]
Memory Configuration

Name             Origin             Length             Attributes
CCMRAM           0x10000000         0x00010000         xrw
RAM              0x20000000         0x00020000         xrw
FLASH            0x08000000         0x00100000         xr
*default*        0x00000000         0xffffffff

Linker script and memory map

LOAD /usr/lib/gcc/arm-none-eabi/14.2.0/thumb/v7e-m+fp/hard/crti.o
LOAD /usr/lib/gcc/arm-none-eabi/14.2.0/thumb/v7e-m+fp/hard/crtbegin.o
LOAD /usr/lib/gcc/arm-none-eabi/14.2.0/../../../../arm-none-eabi/lib/thumb/v7e-m+fp/hard/crt0.o
LOAD ./Core/Src/main.o
LOAD ./Core/Src/stm32f4xx_hal_msp.o
LOAD ./Core/Src/stm32f4xx_it.o
LOAD ./Core/Src/syscalls.o
LOAD ./Core/Src/sysmem.o
LOAD ./Core/Src/system_stm32f4xx.o
LOAD ./Core/Startup/startup_stm32f407vgtx.o
LOAD ./Drivers/STM32F4xx_HAL_Driver/Src/stm32f4xx_hal.o
LOAD ./Drivers/STM32F4xx_HAL_Driver/Src/stm32f4xx_hal_cortex.o
LOAD ./Drivers/STM32F4xx_HAL_Driver/Src/stm32f4xx_hal_dma.o
LOAD ./Drivers/STM32F4xx_HAL_Driver/Src/stm32f4xx_hal_dma_ex.o
LOAD ./Drivers/STM32F4xx_HAL_Driver/Src/stm32f4xx_hal_exti.o
LOAD ./Drivers/STM32F4xx_HAL_Driver/Src/stm32f4xx_hal_flash.o
LOAD ./Drivers/STM32F4xx_HAL_Driver/Src/stm32f4xx_hal_flash_ex.o
LOAD ./Drivers/STM32F4xx_HAL_Driver/Src/stm32f4xx_hal_flash_ramfunc.o
LOAD ./Drivers/STM32F4xx_HAL_Driver/Src/stm32f4xx_hal_gpio.o
LOAD ./Drivers/STM32F4xx_HAL_Driver/Src/stm32f4xx_hal_pcd.o
LOAD ./Drivers/STM32F4xx_HAL_Driver/Src/stm32f4xx_hal_pcd_ex.o
LOAD ./Drivers/STM32F4xx_HAL_Driver/Src/stm32f4xx_hal_pwr.o
LOAD ./Drivers/STM32F4xx_HAL_Driver/Src/stm32f4xx_hal_pwr_ex.o
LOAD ./Drivers/STM32F4xx_HAL_Driver/Src/stm32f4xx_hal_rcc.o
LOAD ./Drivers/STM32F4xx_HAL_Driver/Src/stm32f4xx_hal_rcc_ex.o
LOAD ./Drivers/STM32F4xx_HAL_Driver/Src/stm32f4xx_hal_tim.o
LOAD ./Drivers/STM32F4xx_HAL_Driver/Src/stm32f4xx_hal_tim_ex.o
LOAD ./Drivers/STM32F4xx_HAL_Driver/Src/stm32f4xx_ll_usb.o
LOAD ./Middlewares/ST/STM32_USB_Device_Library/Class/CDC/Src/usbd_cdc.o
LOAD ./Middlewares/ST/STM32_USB_Device_Library/Core/Src/usbd_core.o
LOAD ./Middlewares/ST/STM32_USB_Device_Library/Core/Src/usbd_ctlreq.o
LOAD ./Middlewares/ST/STM32_USB_Device_Library/Core/Src/usbd_ioreq.o
LOAD ./USB_DEVICE/App/usb_device.o
LOAD ./USB_DEVICE/App/usbd_cdc_if.o
LOAD ./USB_DEVICE/App/usbd_desc.o
LOAD ./USB_DEVICE/Target/usbd_conf.o
START GROUP
LOAD /usr/lib/gcc/arm-none-eabi/14.2.0/../../../../arm-none-eabi/lib/thumb/v7e-m+fp/hard/libc_nano.a
LOAD /usr/lib/gcc/arm-none-eabi/14.2.0/../../../../arm-none-eabi/lib/thumb/v7e-m+fp/hard/libm.a
END GROUP
START GROUP
LOAD /usr/lib/gcc/arm-none-eabi/14.2.0/thumb/v7e-m+fp/hard/libgcc.a
LOAD /usr/lib/gcc/arm-none-eabi/14.2.0/../../../../arm-none-eabi/lib/thumb/v7e-m+fp/hard/libc_nano.a
END GROUP
START GROUP
LOAD /usr/lib/gcc/arm-none-eabi/14.2.0/thumb/v7e-m+fp/hard/libgcc.a
LOAD /usr/lib/gcc/arm-none-eabi/14.2.0/../../../../arm-none-eabi/lib/thumb/v7e-m+fp/hard/libc_nano.a
LOAD /usr/lib/gcc/arm-none-eabi/14.2.0/../../../../arm-none-eabi/lib/thumb/v7e-m+fp/hard/libnosys.a
END GROUP
START GROUP
LOAD /usr/lib/gcc/arm-none-eabi/14.2.0/thumb/v7e-m+fp/hard/libgcc.a
LOAD /usr/lib/gcc/arm-none-eabi/14.2.0/../../../../arm-none-eabi/lib/thumb/v7e-m+fp/hard/libc_nano.a
LOAD /usr/lib/gcc/arm-none-eabi/14.2.0/../../../../arm-none-eabi/lib/thumb/v7e-m+fp/hard/libnosys.a
END GROUP
LOAD /usr/lib/gcc/arm-none-eabi/14.2.0/thumb/v7e-m+fp/hard/crtend.o
LOAD /usr/lib/gcc/arm-none-eabi/14.2.0/thumb/v7e-m+fp/hard/crtn.o
                0x20020000                        _estack = (ORIGIN (RAM) + LENGTH (RAM))
                0x00000200                        _Min_Heap_Size = 0x200
                0x00000400                        _Min_Stack_Size = 0x400

.isr_vector     0x08000000      0x188
                0x08000000                        . = ALIGN (0x4)
 *(.isr_vector)
 .isr_vector    0x08000000      0x188 ./Core/Startup/startup_stm32f407vgtx.o
                0x08000000                g_pfnVectors
                0x08000188                        . = ALIGN (0x4)

.text           0x08000190     0x7a94
                0x08000190                        . = ALIGN (0x4)
 *(.text)
 .text          0x08000190       0x10 /usr/lib/gcc/arm-none-eabi/14.2.0/../../../../arm-none-eabi/lib/thumb/v7e-m+fp/hard/libc_nano.a(libc_a-strlen.o)
                0x08000190                strlen
 .text          0x080001a0       0xa0 /usr/lib/gcc/arm-none-eabi/14.2.0/../../../../arm-none-eabi/lib/thumb/v7e-m+fp/hard/libc_nano.a(libc_a-memchr.o)
                0x080001a0                memchr
 .text          0x08000240       0x30 /usr/lib/gcc/arm-none-eabi/14.2.0/thumb/v7e-m+fp/hard/libgcc.a(_aeabi_uldivmod.o)
                0x08000240                __aeabi_uldivmod
 .text          0x08000270        0x4 /usr/lib/gcc/arm-none-eabi/14.2.0/thumb/v7e-m+fp/hard/libgcc.a(_dvmd_tls.o)
                0x08000270                __aeabi_ldiv0
                0x08000270                __aeabi_idiv0
 *(.text*)
 .text.__do_global_dtors_aux
                0x08000274       0x24 /usr/lib/gcc/arm-none-eabi/14.2.0/thumb/v7e-m+fp/hard/crtbegin.o
 .text.frame_dummy
                0x08000298       0x1c /usr/lib/gcc/arm-none-eabi/14.2.0/thumb/v7e-m+fp/hard/crtbegin.o
 .text.delay_us
                0x080002b4       0x38 ./Core/Src/main.o
                0x080002b4                delay_us
 .text.main     0x080002ec       0xf4 ./Core/Src/main.o
                0x080002ec                main
 .text.SystemClock_Config
                0x080003e0       0xd0 ./Core/Src/main.o
                0x080003e0                SystemClock_Config
 .text.MX_TIM10_Init
                0x080004b0       0x48 ./Core/Src/main.o
 .text.MX_GPIO_Init
                0x080004f8       0xe8 ./Core/Src/main.o
 .text.Error_Handler
                0x080005e0        0xc ./Core/Src/main.o
                0x080005e0                Error_Handler
 .text.HAL_MspInit
                0x080005ec       0x50 ./Core/Src/stm32f4xx_hal_msp.o
                0x080005ec                HAL_MspInit
 .text.HAL_TIM_Base_MspInit
                0x0800063c       0x44 ./Core/Src/stm32f4xx_hal_msp.o
                0x0800063c                HAL_TIM_Base_MspInit
 .text.NMI_Handler
                0x08000680        0x8 ./Core/Src/stm32f4xx_it.o
                0x08000680                NMI_Handler
 .text.HardFault_Handler
                0x08000688        0x8 ./Core/Src/stm32f4xx_it.o
                0x08000688                HardFault_Handler
 .text.MemManage_Handler
                0x08000690        0x8 ./Core/Src/stm32f4xx_it.o
                0x08000690                MemManage_Handler
 .text.BusFault_Handler
                0x08000698        0x8 ./Core/Src/stm32f4xx_it.o
                0x08000698                BusFault_Handler
 .text.UsageFault_Handler
                0x080006a0        0x8 ./Core/Src/stm32f4xx_it.o
                0x080006a0                UsageFault_Handler
 .text.SVC_Handler
                0x080006a8        0xe ./Core/Src/stm32f4xx_it.o
                0x080006a8                SVC_Handler
 .text.DebugMon_Handler
                0x080006b6        0xe ./Core/Src/stm32f4xx_it.o
                0x080006b6                DebugMon_Handler
 .text.PendSV_Handler
                0x080006c4        0xe ./Core/Src/stm32f4xx_it.o
                0x080006c4                PendSV_Handler
 .text.SysTick_Handler
                0x080006d2        0xc ./Core/Src/stm32f4xx_it.o
                0x080006d2                SysTick_Handler
 *fill*         0x080006de        0x2 
 .text.OTG_FS_IRQHandler
                0x080006e0       0x14 ./Core/Src/stm32f4xx_it.o
                0x080006e0                OTG_FS_IRQHandler
 .text._sbrk    0x080006f4       0x6c ./Core/Src/sysmem.o
                0x080006f4                _sbrk
 .text.SystemInit
                0x08000760       0x24 ./Core/Src/system_stm32f4xx.o
                0x08000760                SystemInit
 .text.Reset_Handler
                0x08000784       0x50 ./Core/Startup/startup_stm32f407vgtx.o
                0x08000784                Reset_Handler
 .text.Default_Handler
                0x080007d4        0x2 ./Core/Startup/startup_stm32f407vgtx.o
                0x080007d4                RTC_Alarm_IRQHandler
                0x080007d4                HASH_RNG_IRQHandler
                0x080007d4                EXTI2_IRQHandler
                0x080007d4                TIM8_CC_IRQHandler
                0x080007d4                TIM1_CC_IRQHandler
                0x080007d4                DMA2_Stream5_IRQHandler
                0x080007d4                DMA1_Stream5_IRQHandler
                0x080007d4                PVD_IRQHandler
                0x080007d4                SDIO_IRQHandler
                0x080007d4                TAMP_STAMP_IRQHandler
                0x080007d4                CAN2_RX1_IRQHandler
                0x080007d4                EXTI3_IRQHandler
                0x080007d4                TIM8_TRG_COM_TIM14_IRQHandler
                0x080007d4                TIM1_UP_TIM10_IRQHandler
                0x080007d4                TIM8_UP_TIM13_IRQHandler
                0x080007d4                I2C3_ER_IRQHandler
                0x080007d4                EXTI0_IRQHandler
                0x080007d4                I2C2_EV_IRQHandler
                0x080007d4                DMA1_Stream2_IRQHandler
                0x080007d4                CAN1_RX0_IRQHandler
                0x080007d4                FPU_IRQHandler
                0x080007d4                OTG_HS_WKUP_IRQHandler
                0x080007d4                CAN2_SCE_IRQHandler
                0x080007d4                DMA2_Stream2_IRQHandler
                0x080007d4                SPI1_IRQHandler
                0x080007d4                TIM6_DAC_IRQHandler
                0x080007d4                TIM1_BRK_TIM9_IRQHandler
                0x080007d4                DCMI_IRQHandler
                0x080007d4                CAN2_RX0_IRQHandler
                0x080007d4                DMA2_Stream3_IRQHandler
                0x080007d4                USART6_IRQHandler
                0x080007d4                USART3_IRQHandler
                0x080007d4                CAN1_RX1_IRQHandler
                0x080007d4                UART5_IRQHandler
                0x080007d4                DMA2_Stream0_IRQHandler
                0x080007d4                TIM4_IRQHandler
                0x080007d4                I2C1_EV_IRQHandler
                0x080007d4                DMA1_Stream6_IRQHandler
                0x080007d4                DMA1_Stream1_IRQHandler
                0x080007d4                UART4_IRQHandler
                0x080007d4                TIM3_IRQHandler
                0x080007d4                RCC_IRQHandler
                0x080007d4                TIM8_BRK_TIM12_IRQHandler
                0x080007d4                Default_Handler
                0x080007d4                EXTI15_10_IRQHandler
                0x080007d4                ADC_IRQHandler
                0x080007d4                DMA1_Stream7_IRQHandler
                0x080007d4                TIM7_IRQHandler
                0x080007d4                CAN2_TX_IRQHandler
                0x080007d4                TIM5_IRQHandler
                0x080007d4                DMA2_Stream7_IRQHandler
                0x080007d4                I2C3_EV_IRQHandler
                0x080007d4                EXTI9_5_IRQHandler
                0x080007d4                RTC_WKUP_IRQHandler
                0x080007d4                ETH_WKUP_IRQHandler
                0x080007d4                SPI2_IRQHandler
                0x080007d4                OTG_HS_EP1_IN_IRQHandler
                0x080007d4                DMA1_Stream0_IRQHandler
                0x080007d4                CAN1_TX_IRQHandler
                0x080007d4                EXTI4_IRQHandler
                0x080007d4                FSMC_IRQHandler
                0x080007d4                ETH_IRQHandler
                0x080007d4                OTG_HS_EP1_OUT_IRQHandler
                0x080007d4                WWDG_IRQHandler
                0x080007d4                TIM2_IRQHandler
                0x080007d4                OTG_FS_WKUP_IRQHandler
                0x080007d4                TIM1_TRG_COM_TIM11_IRQHandler
                0x080007d4                OTG_HS_IRQHandler
                0x080007d4                EXTI1_IRQHandler
                0x080007d4                USART2_IRQHandler
                0x080007d4                I2C2_ER_IRQHandler
                0x080007d4                DMA2_Stream1_IRQHandler
                0x080007d4                CAN1_SCE_IRQHandler
                0x080007d4                FLASH_IRQHandler
                0x080007d4                DMA2_Stream4_IRQHandler
                0x080007d4                USART1_IRQHandler
                0x080007d4                SPI3_IRQHandler
                0x080007d4                DMA1_Stream4_IRQHandler
                0x080007d4                I2C1_ER_IRQHandler
                0x080007d4                DMA2_Stream6_IRQHandler
                0x080007d4                DMA1_Stream3_IRQHandler
 *fill*         0x080007d6        0x2 
 .text.HAL_Init
                0x080007d8       0x44 ./Drivers/STM32F4xx_HAL_Driver/Src/stm32f4xx_hal.o
                0x080007d8                HAL_Init
 .text.HAL_InitTick
                0x0800081c       0x60 ./Drivers/STM32F4xx_HAL_Driver/Src/stm32f4xx_hal.o
                0x0800081c                HAL_InitTick
 .text.HAL_IncTick
                0x0800087c       0x28 ./Drivers/STM32F4xx_HAL_Driver/Src/stm32f4xx_hal.o
                0x0800087c                HAL_IncTick
 .text.HAL_GetTick
                0x080008a4       0x18 ./Drivers/STM32F4xx_HAL_Driver/Src/stm32f4xx_hal.o
                0x080008a4                HAL_GetTick
 .text.HAL_Delay
                0x080008bc       0x48 ./Drivers/STM32F4xx_HAL_Driver/Src/stm32f4xx_hal.o
                0x080008bc                HAL_Delay
 .text.__NVIC_SetPriorityGrouping
                0x08000904       0x48 ./Drivers/STM32F4xx_HAL_Driver/Src/stm32f4xx_hal_cortex.o
 .text.__NVIC_GetPriorityGrouping
                0x0800094c       0x1c ./Drivers/STM32F4xx_HAL_Driver/Src/stm32f4xx_hal_cortex.o
 .text.__NVIC_EnableIRQ
                0x08000968       0x3c ./Drivers/STM32F4xx_HAL_Driver/Src/stm32f4xx_hal_cortex.o
 .text.__NVIC_SetPriority
                0x080009a4       0x54 ./Drivers/STM32F4xx_HAL_Driver/Src/stm32f4xx_hal_cortex.o
 .text.NVIC_EncodePriority
                0x080009f8       0x66 ./Drivers/STM32F4xx_HAL_Driver/Src/stm32f4xx_hal_cortex.o
 *fill*         0x08000a5e        0x2 
 .text.SysTick_Config
                0x08000a60       0x44 ./Drivers/STM32F4xx_HAL_Driver/Src/stm32f4xx_hal_cortex.o
 .text.HAL_NVIC_SetPriorityGrouping
                0x08000aa4       0x16 ./Drivers/STM32F4xx_HAL_Driver/Src/stm32f4xx_hal_cortex.o
                0x08000aa4                HAL_NVIC_SetPriorityGrouping
 .text.HAL_NVIC_SetPriority
                0x08000aba       0x38 ./Drivers/STM32F4xx_HAL_Driver/Src/stm32f4xx_hal_cortex.o
                0x08000aba                HAL_NVIC_SetPriority
 .text.HAL_NVIC_EnableIRQ
                0x08000af2       0x1c ./Drivers/STM32F4xx_HAL_Driver/Src/stm32f4xx_hal_cortex.o
                0x08000af2                HAL_NVIC_EnableIRQ
 .text.HAL_SYSTICK_Config
                0x08000b0e       0x18 ./Drivers/STM32F4xx_HAL_Driver/Src/stm32f4xx_hal_cortex.o
                0x08000b0e                HAL_SYSTICK_Config
 *fill*         0x08000b26        0x2 
 .text.HAL_GPIO_Init
                0x08000b28      0x338 ./Drivers/STM32F4xx_HAL_Driver/Src/stm32f4xx_hal_gpio.o
                0x08000b28                HAL_GPIO_Init
 .text.HAL_GPIO_ReadPin
                0x08000e60       0x30 ./Drivers/STM32F4xx_HAL_Driver/Src/stm32f4xx_hal_gpio.o
                0x08000e60                HAL_GPIO_ReadPin
 .text.HAL_GPIO_WritePin
                0x08000e90       0x32 ./Drivers/STM32F4xx_HAL_Driver/Src/stm32f4xx_hal_gpio.o
                0x08000e90                HAL_GPIO_WritePin
 .text.HAL_PCD_Init
                0x08000ec2      0x21e ./Drivers/STM32F4xx_HAL_Driver/Src/stm32f4xx_hal_pcd.o
                0x08000ec2                HAL_PCD_Init
 .text.HAL_PCD_Start
                0x080010e0       0x6a ./Drivers/STM32F4xx_HAL_Driver/Src/stm32f4xx_hal_pcd.o
                0x080010e0                HAL_PCD_Start
 .text.HAL_PCD_IRQHandler
                0x0800114a      0x942 ./Drivers/STM32F4xx_HAL_Driver/Src/stm32f4xx_hal_pcd.o
                0x0800114a                HAL_PCD_IRQHandler
 .text.HAL_PCD_SetAddress
                0x08001a8c       0x48 ./Drivers/STM32F4xx_HAL_Driver/Src/stm32f4xx_hal_pcd.o
                0x08001a8c                HAL_PCD_SetAddress
 .text.HAL_PCD_EP_Open
                0x08001ad4       0xd4 ./Drivers/STM32F4xx_HAL_Driver/Src/stm32f4xx_hal_pcd.o
                0x08001ad4                HAL_PCD_EP_Open
 .text.HAL_PCD_EP_Close
                0x08001ba8       0x94 ./Drivers/STM32F4xx_HAL_Driver/Src/stm32f4xx_hal_pcd.o
                0x08001ba8                HAL_PCD_EP_Close
 .text.HAL_PCD_EP_Receive
                0x08001c3c       0x76 ./Drivers/STM32F4xx_HAL_Driver/Src/stm32f4xx_hal_pcd.o
                0x08001c3c                HAL_PCD_EP_Receive
 .text.HAL_PCD_EP_GetRxCount
                0x08001cb2       0x30 ./Drivers/STM32F4xx_HAL_Driver/Src/stm32f4xx_hal_pcd.o
                0x08001cb2                HAL_PCD_EP_GetRxCount
 .text.HAL_PCD_EP_Transmit
                0x08001ce2       0x74 ./Drivers/STM32F4xx_HAL_Driver/Src/stm32f4xx_hal_pcd.o
                0x08001ce2                HAL_PCD_EP_Transmit
 .text.HAL_PCD_EP_SetStall
                0x08001d56       0xc6 ./Drivers/STM32F4xx_HAL_Driver/Src/stm32f4xx_hal_pcd.o
                0x08001d56                HAL_PCD_EP_SetStall
 .text.HAL_PCD_EP_ClrStall
                0x08001e1c       0xac ./Drivers/STM32F4xx_HAL_Driver/Src/stm32f4xx_hal_pcd.o
                0x08001e1c                HAL_PCD_EP_ClrStall
 .text.HAL_PCD_EP_Abort
                0x08001ec8       0x62 ./Drivers/STM32F4xx_HAL_Driver/Src/stm32f4xx_hal_pcd.o
                0x08001ec8                HAL_PCD_EP_Abort
 .text.PCD_WriteEmptyTxFifo
                0x08001f2a      0x118 ./Drivers/STM32F4xx_HAL_Driver/Src/stm32f4xx_hal_pcd.o
 *fill*         0x08002042        0x2 
 .text.PCD_EP_OutXfrComplete_int
                0x08002044      0x1d0 ./Drivers/STM32F4xx_HAL_Driver/Src/stm32f4xx_hal_pcd.o
 .text.PCD_EP_OutSetupPacket_int
                0x08002214       0x8c ./Drivers/STM32F4xx_HAL_Driver/Src/stm32f4xx_hal_pcd.o
 .text.HAL_PCDEx_SetTxFiFo
                0x080022a0       0x8e ./Drivers/STM32F4xx_HAL_Driver/Src/stm32f4xx_hal_pcd_ex.o
                0x080022a0                HAL_PCDEx_SetTxFiFo
 .text.HAL_PCDEx_SetRxFiFo
                0x0800232e       0x22 ./Drivers/STM32F4xx_HAL_Driver/Src/stm32f4xx_hal_pcd_ex.o
                0x0800232e                HAL_PCDEx_SetRxFiFo
 .text.HAL_PCDEx_LPM_Callback
                0x08002350       0x18 ./Drivers/STM32F4xx_HAL_Driver/Src/stm32f4xx_hal_pcd_ex.o
                0x08002350                HAL_PCDEx_LPM_Callback
 .text.HAL_RCC_OscConfig
                0x08002368      0x4f0 ./Drivers/STM32F4xx_HAL_Driver/Src/stm32f4xx_hal_rcc.o
                0x08002368                HAL_RCC_OscConfig
 .text.HAL_RCC_ClockConfig
                0x08002858      0x1cc ./Drivers/STM32F4xx_HAL_Driver/Src/stm32f4xx_hal_rcc.o
                0x08002858                HAL_RCC_ClockConfig
 .text.HAL_RCC_GetSysClockFreq
                0x08002a24      0x20c ./Drivers/STM32F4xx_HAL_Driver/Src/stm32f4xx_hal_rcc.o
                0x08002a24                HAL_RCC_GetSysClockFreq
 .text.HAL_RCC_GetHCLKFreq
                0x08002c30       0x18 ./Drivers/STM32F4xx_HAL_Driver/Src/stm32f4xx_hal_rcc.o
                0x08002c30                HAL_RCC_GetHCLKFreq
 .text.HAL_TIM_Base_Init
                0x08002c48       0x9e ./Drivers/STM32F4xx_HAL_Driver/Src/stm32f4xx_hal_tim.o
                0x08002c48                HAL_TIM_Base_Init
 *fill*         0x08002ce6        0x2 
 .text.HAL_TIM_Base_Start
                0x08002ce8       0xd0 ./Drivers/STM32F4xx_HAL_Driver/Src/stm32f4xx_hal_tim.o
                0x08002ce8                HAL_TIM_Base_Start
 .text.HAL_TIM_Base_Stop
                0x08002db8       0x4e ./Drivers/STM32F4xx_HAL_Driver/Src/stm32f4xx_hal_tim.o
                0x08002db8                HAL_TIM_Base_Stop
 *fill*         0x08002e06        0x2 
 .text.TIM_Base_SetConfig
                0x08002e08      0x14c ./Drivers/STM32F4xx_HAL_Driver/Src/stm32f4xx_hal_tim.o
                0x08002e08                TIM_Base_SetConfig
 .text.USB_CoreInit
                0x08002f54       0xc8 ./Drivers/STM32F4xx_HAL_Driver/Src/stm32f4xx_ll_usb.o
                0x08002f54                USB_CoreInit
 .text.USB_SetTurnaroundTime
                0x0800301c      0x144 ./Drivers/STM32F4xx_HAL_Driver/Src/stm32f4xx_ll_usb.o
                0x0800301c                USB_SetTurnaroundTime
 .text.USB_EnableGlobalInt
                0x08003160       0x22 ./Drivers/STM32F4xx_HAL_Driver/Src/stm32f4xx_ll_usb.o
                0x08003160                USB_EnableGlobalInt
 .text.USB_DisableGlobalInt
                0x08003182       0x22 ./Drivers/STM32F4xx_HAL_Driver/Src/stm32f4xx_ll_usb.o
                0x08003182                USB_DisableGlobalInt
 .text.USB_SetCurrentMode
                0x080031a4       0x98 ./Drivers/STM32F4xx_HAL_Driver/Src/stm32f4xx_ll_usb.o
                0x080031a4                USB_SetCurrentMode
 .text.USB_DevInit
                0x0800323c      0x2c8 ./Drivers/STM32F4xx_HAL_Driver/Src/stm32f4xx_ll_usb.o
                0x0800323c                USB_DevInit
 .text.USB_FlushTxFifo
                0x08003504       0x64 ./Drivers/STM32F4xx_HAL_Driver/Src/stm32f4xx_ll_usb.o
                0x08003504                USB_FlushTxFifo
 .text.USB_FlushRxFifo
                0x08003568       0x5c ./Drivers/STM32F4xx_HAL_Driver/Src/stm32f4xx_ll_usb.o
                0x08003568                USB_FlushRxFifo
 .text.USB_SetDevSpeed
                0x080035c4       0x32 ./Drivers/STM32F4xx_HAL_Driver/Src/stm32f4xx_ll_usb.o
                0x080035c4                USB_SetDevSpeed
 .text.USB_GetDevSpeed
                0x080035f6       0x4a ./Drivers/STM32F4xx_HAL_Driver/Src/stm32f4xx_ll_usb.o
                0x080035f6                USB_GetDevSpeed
 .text.USB_ActivateEndpoint
                0x08003640      0x10e ./Drivers/STM32F4xx_HAL_Driver/Src/stm32f4xx_ll_usb.o
                0x08003640                USB_ActivateEndpoint
 *fill*         0x0800374e        0x2 
 .text.USB_DeactivateEndpoint
                0x08003750      0x1b8 ./Drivers/STM32F4xx_HAL_Driver/Src/stm32f4xx_ll_usb.o
                0x08003750                USB_DeactivateEndpoint
 .text.USB_EPStartXfer
                0x08003908      0x53c ./Drivers/STM32F4xx_HAL_Driver/Src/stm32f4xx_ll_usb.o
                0x08003908                USB_EPStartXfer
 .text.USB_EPStopXfer
                0x08003e44      0x154 ./Drivers/STM32F4xx_HAL_Driver/Src/stm32f4xx_ll_usb.o
                0x08003e44                USB_EPStopXfer
 .text.USB_WritePacket
                0x08003f98       0x7c ./Drivers/STM32F4xx_HAL_Driver/Src/stm32f4xx_ll_usb.o
                0x08003f98                USB_WritePacket
 .text.USB_ReadPacket
                0x08004014       0xb0 ./Drivers/STM32F4xx_HAL_Driver/Src/stm32f4xx_ll_usb.o
                0x08004014                USB_ReadPacket
 .text.USB_EPSetStall
                0x080040c4       0xdc ./Drivers/STM32F4xx_HAL_Driver/Src/stm32f4xx_ll_usb.o
                0x080040c4                USB_EPSetStall
 .text.USB_EPClearStall
                0x080041a0       0xcc ./Drivers/STM32F4xx_HAL_Driver/Src/stm32f4xx_ll_usb.o
                0x080041a0                USB_EPClearStall
 .text.USB_SetDevAddress
                0x0800426c       0x4c ./Drivers/STM32F4xx_HAL_Driver/Src/stm32f4xx_ll_usb.o
                0x0800426c                USB_SetDevAddress
 .text.USB_DevConnect
                0x080042b8       0x42 ./Drivers/STM32F4xx_HAL_Driver/Src/stm32f4xx_ll_usb.o
                0x080042b8                USB_DevConnect
 .text.USB_DevDisconnect
                0x080042fa       0x42 ./Drivers/STM32F4xx_HAL_Driver/Src/stm32f4xx_ll_usb.o
                0x080042fa                USB_DevDisconnect
 .text.USB_ReadInterrupts
                0x0800433c       0x26 ./Drivers/STM32F4xx_HAL_Driver/Src/stm32f4xx_ll_usb.o
                0x0800433c                USB_ReadInterrupts
 .text.USB_ReadDevAllOutEpInterrupt
                0x08004362       0x34 ./Drivers/STM32F4xx_HAL_Driver/Src/stm32f4xx_ll_usb.o
                0x08004362                USB_ReadDevAllOutEpInterrupt
 .text.USB_ReadDevAllInEpInterrupt
                0x08004396       0x34 ./Drivers/STM32F4xx_HAL_Driver/Src/stm32f4xx_ll_usb.o
                0x08004396                USB_ReadDevAllInEpInterrupt
 .text.USB_ReadDevOutEPInterrupt
                0x080043ca       0x3c ./Drivers/STM32F4xx_HAL_Driver/Src/stm32f4xx_ll_usb.o
                0x080043ca                USB_ReadDevOutEPInterrupt
 .text.USB_ReadDevInEPInterrupt
                0x08004406       0x5c ./Drivers/STM32F4xx_HAL_Driver/Src/stm32f4xx_ll_usb.o
                0x08004406                USB_ReadDevInEPInterrupt
 .text.USB_GetMode
                0x08004462       0x1c ./Drivers/STM32F4xx_HAL_Driver/Src/stm32f4xx_ll_usb.o
                0x08004462                USB_GetMode
 .text.USB_ActivateSetup
                0x0800447e       0x46 ./Drivers/STM32F4xx_HAL_Driver/Src/stm32f4xx_ll_usb.o
                0x0800447e                USB_ActivateSetup
 .text.USB_EP0_OutStart
                0x080044c4       0xbc ./Drivers/STM32F4xx_HAL_Driver/Src/stm32f4xx_ll_usb.o
                0x080044c4                USB_EP0_OutStart
 .text.USB_CoreReset
                0x08004580       0x70 ./Drivers/STM32F4xx_HAL_Driver/Src/stm32f4xx_ll_usb.o
 .text.USBD_CDC_Init
                0x080045f0      0x1f0 ./Middlewares/ST/STM32_USB_Device_Library/Class/CDC/Src/usbd_cdc.o
 .text.USBD_CDC_DeInit
                0x080047e0      0x104 ./Middlewares/ST/STM32_USB_Device_Library/Class/CDC/Src/usbd_cdc.o
 .text.USBD_CDC_Setup
                0x080048e4      0x1b8 ./Middlewares/ST/STM32_USB_Device_Library/Class/CDC/Src/usbd_cdc.o
 .text.USBD_CDC_DataIn
                0x08004a9c       0xfe ./Middlewares/ST/STM32_USB_Device_Library/Class/CDC/Src/usbd_cdc.o
 .text.USBD_CDC_DataOut
                0x08004b9a       0x70 ./Middlewares/ST/STM32_USB_Device_Library/Class/CDC/Src/usbd_cdc.o
 .text.USBD_CDC_EP0_RxReady
                0x08004c0a       0x74 ./Middlewares/ST/STM32_USB_Device_Library/Class/CDC/Src/usbd_cdc.o
 *fill*         0x08004c7e        0x2 
 .text.USBD_CDC_GetFSCfgDesc
                0x08004c80       0x70 ./Middlewares/ST/STM32_USB_Device_Library/Class/CDC/Src/usbd_cdc.o
 .text.USBD_CDC_GetHSCfgDesc
                0x08004cf0       0x70 ./Middlewares/ST/STM32_USB_Device_Library/Class/CDC/Src/usbd_cdc.o
 .text.USBD_CDC_GetOtherSpeedCfgDesc
                0x08004d60       0x70 ./Middlewares/ST/STM32_USB_Device_Library/Class/CDC/Src/usbd_cdc.o
 .text.USBD_CDC_GetDeviceQualifierDescriptor
                0x08004dd0       0x20 ./Middlewares/ST/STM32_USB_Device_Library/Class/CDC/Src/usbd_cdc.o
                0x08004dd0                USBD_CDC_GetDeviceQualifierDescriptor
 .text.USBD_CDC_RegisterInterface
                0x08004df0       0x34 ./Middlewares/ST/STM32_USB_Device_Library/Class/CDC/Src/usbd_cdc.o
                0x08004df0                USBD_CDC_RegisterInterface
 .text.USBD_CDC_SetTxBuffer
                0x08004e24       0x44 ./Middlewares/ST/STM32_USB_Device_Library/Class/CDC/Src/usbd_cdc.o
                0x08004e24                USBD_CDC_SetTxBuffer
 .text.USBD_CDC_SetRxBuffer
                0x08004e68       0x3a ./Middlewares/ST/STM32_USB_Device_Library/Class/CDC/Src/usbd_cdc.o
                0x08004e68                USBD_CDC_SetRxBuffer
 *fill*         0x08004ea2        0x2 
 .text.USBD_CDC_TransmitPacket
                0x08004ea4       0x80 ./Middlewares/ST/STM32_USB_Device_Library/Class/CDC/Src/usbd_cdc.o
                0x08004ea4                USBD_CDC_TransmitPacket
 .text.USBD_CDC_ReceivePacket
                0x08004f24       0x6c ./Middlewares/ST/STM32_USB_Device_Library/Class/CDC/Src/usbd_cdc.o
                0x08004f24                USBD_CDC_ReceivePacket
 .text.USBD_Init
                0x08004f90       0x60 ./Middlewares/ST/STM32_USB_Device_Library/Core/Src/usbd_core.o
                0x08004f90                USBD_Init
 .text.USBD_RegisterClass
                0x08004ff0       0x6c ./Middlewares/ST/STM32_USB_Device_Library/Core/Src/usbd_core.o
                0x08004ff0                USBD_RegisterClass
 .text.USBD_Start
                0x0800505c       0x18 ./Middlewares/ST/STM32_USB_Device_Library/Core/Src/usbd_core.o
                0x0800505c                USBD_Start
 .text.USBD_RunTestMode
                0x08005074       0x16 ./Middlewares/ST/STM32_USB_Device_Library/Core/Src/usbd_core.o
                0x08005074                USBD_RunTestMode
 .text.USBD_SetClassConfig
                0x0800508a       0x38 ./Middlewares/ST/STM32_USB_Device_Library/Core/Src/usbd_core.o
                0x0800508a                USBD_SetClassConfig
 .text.USBD_ClrClassConfig
                0x080050c2       0x34 ./Middlewares/ST/STM32_USB_Device_Library/Core/Src/usbd_core.o
                0x080050c2                USBD_ClrClassConfig
 .text.USBD_LL_SetupStage
                0x080050f6       0xaa ./Middlewares/ST/STM32_USB_Device_Library/Core/Src/usbd_core.o
                0x080050f6                USBD_LL_SetupStage
 .text.USBD_LL_DataOutStage
                0x080051a0      0x178 ./Middlewares/ST/STM32_USB_Device_Library/Core/Src/usbd_core.o
                0x080051a0                USBD_LL_DataOutStage
 .text.USBD_LL_DataInStage
                0x08005318      0x176 ./Middlewares/ST/STM32_USB_Device_Library/Core/Src/usbd_core.o
                0x08005318                USBD_LL_DataInStage
 .text.USBD_LL_Reset
                0x0800548e       0xa6 ./Middlewares/ST/STM32_USB_Device_Library/Core/Src/usbd_core.o
                0x0800548e                USBD_LL_Reset
 .text.USBD_LL_SetSpeed
                0x08005534       0x20 ./Middlewares/ST/STM32_USB_Device_Library/Core/Src/usbd_core.o
                0x08005534                USBD_LL_SetSpeed
 .text.USBD_LL_Suspend
                0x08005554       0x38 ./Middlewares/ST/STM32_USB_Device_Library/Core/Src/usbd_core.o
                0x08005554                USBD_LL_Suspend
 .text.USBD_LL_Resume
                0x0800558c       0x30 ./Middlewares/ST/STM32_USB_Device_Library/Core/Src/usbd_core.o
                0x0800558c                USBD_LL_Resume
 .text.USBD_LL_SOF
                0x080055bc       0x40 ./Middlewares/ST/STM32_USB_Device_Library/Core/Src/usbd_core.o
                0x080055bc                USBD_LL_SOF
 .text.USBD_LL_IsoINIncomplete
                0x080055fc       0x64 ./Middlewares/ST/STM32_USB_Device_Library/Core/Src/usbd_core.o
                0x080055fc                USBD_LL_IsoINIncomplete
 .text.USBD_LL_IsoOUTIncomplete
                0x08005660       0x64 ./Middlewares/ST/STM32_USB_Device_Library/Core/Src/usbd_core.o
                0x08005660                USBD_LL_IsoOUTIncomplete
 .text.USBD_LL_DevConnected
                0x080056c4       0x16 ./Middlewares/ST/STM32_USB_Device_Library/Core/Src/usbd_core.o
                0x080056c4                USBD_LL_DevConnected
 .text.USBD_LL_DevDisconnected
                0x080056da       0x46 ./Middlewares/ST/STM32_USB_Device_Library/Core/Src/usbd_core.o
                0x080056da                USBD_LL_DevDisconnected
 .text.USBD_CoreFindIF
                0x08005720       0x1a ./Middlewares/ST/STM32_USB_Device_Library/Core/Src/usbd_core.o
                0x08005720                USBD_CoreFindIF
 .text.USBD_CoreFindEP
                0x0800573a       0x1a ./Middlewares/ST/STM32_USB_Device_Library/Core/Src/usbd_core.o
                0x0800573a                USBD_CoreFindEP
 .text.USBD_GetEpDesc
                0x08005754       0x70 ./Middlewares/ST/STM32_USB_Device_Library/Core/Src/usbd_core.o
                0x08005754                USBD_GetEpDesc
 .text.USBD_GetNextDesc
                0x080057c4       0x38 ./Middlewares/ST/STM32_USB_Device_Library/Core/Src/usbd_core.o
                0x080057c4                USBD_GetNextDesc
 .text.SWAPBYTE
                0x080057fc       0x3e ./Middlewares/ST/STM32_USB_Device_Library/Core/Src/usbd_ctlreq.o
 *fill*         0x0800583a        0x2 
 .text.USBD_StdDevReq
                0x0800583c       0xe4 ./Middlewares/ST/STM32_USB_Device_Library/Core/Src/usbd_ctlreq.o
                0x0800583c                USBD_StdDevReq
 .text.USBD_StdItfReq
                0x08005920       0xd8 ./Middlewares/ST/STM32_USB_Device_Library/Core/Src/usbd_ctlreq.o
                0x08005920                USBD_StdItfReq
 .text.USBD_StdEPReq
                0x080059f8      0x33e ./Middlewares/ST/STM32_USB_Device_Library/Core/Src/usbd_ctlreq.o
                0x080059f8                USBD_StdEPReq
 *fill*         0x08005d36        0x2 
 .text.USBD_GetDescriptor
                0x08005d38      0x2d4 ./Middlewares/ST/STM32_USB_Device_Library/Core/Src/usbd_ctlreq.o
 .text.USBD_SetAddress
                0x0800600c       0x88 ./Middlewares/ST/STM32_USB_Device_Library/Core/Src/usbd_ctlreq.o
 .text.USBD_SetConfig
                0x08006094      0x154 ./Middlewares/ST/STM32_USB_Device_Library/Core/Src/usbd_ctlreq.o
 .text.USBD_GetConfig
                0x080061e8       0x6c ./Middlewares/ST/STM32_USB_Device_Library/Core/Src/usbd_ctlreq.o
 .text.USBD_GetStatus
                0x08006254       0x68 ./Middlewares/ST/STM32_USB_Device_Library/Core/Src/usbd_ctlreq.o
 .text.USBD_SetFeature
                0x080062bc       0x52 ./Middlewares/ST/STM32_USB_Device_Library/Core/Src/usbd_ctlreq.o
 .text.USBD_ClrFeature
                0x0800630e       0x44 ./Middlewares/ST/STM32_USB_Device_Library/Core/Src/usbd_ctlreq.o
 .text.USBD_ParseSetupRequest
                0x08006352       0x74 ./Middlewares/ST/STM32_USB_Device_Library/Core/Src/usbd_ctlreq.o
                0x08006352                USBD_ParseSetupRequest
 .text.USBD_CtlError
                0x080063c6       0x22 ./Middlewares/ST/STM32_USB_Device_Library/Core/Src/usbd_ctlreq.o
                0x080063c6                USBD_CtlError
 .text.USBD_GetString
                0x080063e8       0xa4 ./Middlewares/ST/STM32_USB_Device_Library/Core/Src/usbd_ctlreq.o
                0x080063e8                USBD_GetString
 .text.USBD_GetLen
                0x0800648c       0x34 ./Middlewares/ST/STM32_USB_Device_Library/Core/Src/usbd_ctlreq.o
 .text.USBD_CtlSendData
                0x080064c0       0x3c ./Middlewares/ST/STM32_USB_Device_Library/Core/Src/usbd_ioreq.o
                0x080064c0                USBD_CtlSendData
 .text.USBD_CtlContinueSendData
                0x080064fc       0x22 ./Middlewares/ST/STM32_USB_Device_Library/Core/Src/usbd_ioreq.o
                0x080064fc                USBD_CtlContinueSendData
 .text.USBD_CtlPrepareRx
                0x0800651e       0x42 ./Middlewares/ST/STM32_USB_Device_Library/Core/Src/usbd_ioreq.o
                0x0800651e                USBD_CtlPrepareRx
 .text.USBD_CtlContinueRx
                0x08006560       0x22 ./Middlewares/ST/STM32_USB_Device_Library/Core/Src/usbd_ioreq.o
                0x08006560                USBD_CtlContinueRx
 .text.USBD_CtlSendStatus
                0x08006582       0x26 ./Middlewares/ST/STM32_USB_Device_Library/Core/Src/usbd_ioreq.o
                0x08006582                USBD_CtlSendStatus
 .text.USBD_CtlReceiveStatus
                0x080065a8       0x26 ./Middlewares/ST/STM32_USB_Device_Library/Core/Src/usbd_ioreq.o
                0x080065a8                USBD_CtlReceiveStatus
 *fill*         0x080065ce        0x2 
 .text.MX_USB_DEVICE_Init
                0x080065d0       0x60 ./USB_DEVICE/App/usb_device.o
                0x080065d0                MX_USB_DEVICE_Init
 .text.CDC_Init_FS
                0x08006630       0x28 ./USB_DEVICE/App/usbd_cdc_if.o
 .text.CDC_DeInit_FS
                0x08006658       0x10 ./USB_DEVICE/App/usbd_cdc_if.o
 .text.CDC_Control_FS
                0x08006668       0xbc ./USB_DEVICE/App/usbd_cdc_if.o
 .text.CDC_Receive_FS
                0x08006724       0x28 ./USB_DEVICE/App/usbd_cdc_if.o
 .text.CDC_Transmit_FS
                0x0800674c       0x4c ./USB_DEVICE/App/usbd_cdc_if.o
                0x0800674c                CDC_Transmit_FS
 .text.CDC_TransmitCplt_FS
                0x08006798       0x22 ./USB_DEVICE/App/usbd_cdc_if.o
 *fill*         0x080067ba        0x2 
 .text.USBD_FS_DeviceDescriptor
                0x080067bc       0x24 ./USB_DEVICE/App/usbd_desc.o
                0x080067bc                USBD_FS_DeviceDescriptor
 .text.USBD_FS_LangIDStrDescriptor
                0x080067e0       0x24 ./USB_DEVICE/App/usbd_desc.o
                0x080067e0                USBD_FS_LangIDStrDescriptor
 .text.USBD_FS_ProductStrDescriptor
                0x08006804       0x3c ./USB_DEVICE/App/usbd_desc.o
                0x08006804                USBD_FS_ProductStrDescriptor
 .text.USBD_FS_ManufacturerStrDescriptor
                0x08006840       0x28 ./USB_DEVICE/App/usbd_desc.o
                0x08006840                USBD_FS_ManufacturerStrDescriptor
 .text.USBD_FS_SerialStrDescriptor
                0x08006868       0x24 ./USB_DEVICE/App/usbd_desc.o
                0x08006868                USBD_FS_SerialStrDescriptor
 .text.USBD_FS_ConfigStrDescriptor
                0x0800688c       0x3c ./USB_DEVICE/App/usbd_desc.o
                0x0800688c                USBD_FS_ConfigStrDescriptor
 .text.USBD_FS_InterfaceStrDescriptor
                0x080068c8       0x3c ./USB_DEVICE/App/usbd_desc.o
                0x080068c8                USBD_FS_InterfaceStrDescriptor
 .text.Get_SerialNum
                0x08006904       0x58 ./USB_DEVICE/App/usbd_desc.o
 .text.IntToUnicode
                0x0800695c       0x7e ./USB_DEVICE/App/usbd_desc.o
 *fill*         0x080069da        0x2 
 .text.HAL_PCD_MspInit
                0x080069dc       0xa8 ./USB_DEVICE/Target/usbd_conf.o
                0x080069dc                HAL_PCD_MspInit
 .text.HAL_PCD_SetupStageCallback
                0x08006a84       0x24 ./USB_DEVICE/Target/usbd_conf.o
                0x08006a84                HAL_PCD_SetupStageCallback
 .text.HAL_PCD_DataOutStageCallback
                0x08006aa8       0x36 ./USB_DEVICE/Target/usbd_conf.o
                0x08006aa8                HAL_PCD_DataOutStageCallback
 .text.HAL_PCD_DataInStageCallback
                0x08006ade       0x34 ./USB_DEVICE/Target/usbd_conf.o
                0x08006ade                HAL_PCD_DataInStageCallback
 .text.HAL_PCD_SOFCallback
                0x08006b12       0x1c ./USB_DEVICE/Target/usbd_conf.o
                0x08006b12                HAL_PCD_SOFCallback
 .text.HAL_PCD_ResetCallback
                0x08006b2e       0x50 ./USB_DEVICE/Target/usbd_conf.o
                0x08006b2e                HAL_PCD_ResetCallback
 *fill*         0x08006b7e        0x2 
 .text.HAL_PCD_SuspendCallback
                0x08006b80       0x4c ./USB_DEVICE/Target/usbd_conf.o
                0x08006b80                HAL_PCD_SuspendCallback
 .text.HAL_PCD_ResumeCallback
                0x08006bcc       0x1c ./USB_DEVICE/Target/usbd_conf.o
                0x08006bcc                HAL_PCD_ResumeCallback
 .text.HAL_PCD_ISOOUTIncompleteCallback
                0x08006be8       0x24 ./USB_DEVICE/Target/usbd_conf.o
                0x08006be8                HAL_PCD_ISOOUTIncompleteCallback
 .text.HAL_PCD_ISOINIncompleteCallback
                0x08006c0c       0x24 ./USB_DEVICE/Target/usbd_conf.o
                0x08006c0c                HAL_PCD_ISOINIncompleteCallback
 .text.HAL_PCD_ConnectCallback
                0x08006c30       0x1c ./USB_DEVICE/Target/usbd_conf.o
                0x08006c30                HAL_PCD_ConnectCallback
 .text.HAL_PCD_DisconnectCallback
                0x08006c4c       0x1c ./USB_DEVICE/Target/usbd_conf.o
                0x08006c4c                HAL_PCD_DisconnectCallback
 .text.USBD_LL_Init
                0x08006c68       0x98 ./USB_DEVICE/Target/usbd_conf.o
                0x08006c68                USBD_LL_Init
 .text.USBD_LL_Start
                0x08006d00       0x36 ./USB_DEVICE/Target/usbd_conf.o
                0x08006d00                USBD_LL_Start
 .text.USBD_LL_OpenEP
                0x08006d36       0x4c ./USB_DEVICE/Target/usbd_conf.o
                0x08006d36                USBD_LL_OpenEP
 .text.USBD_LL_CloseEP
                0x08006d82       0x3e ./USB_DEVICE/Target/usbd_conf.o
                0x08006d82                USBD_LL_CloseEP
 .text.USBD_LL_StallEP
                0x08006dc0       0x3e ./USB_DEVICE/Target/usbd_conf.o
                0x08006dc0                USBD_LL_StallEP
 .text.USBD_LL_ClearStallEP
                0x08006dfe       0x3e ./USB_DEVICE/Target/usbd_conf.o
                0x08006dfe                USBD_LL_ClearStallEP
 .text.USBD_LL_IsStallEP
                0x08006e3c       0x58 ./USB_DEVICE/Target/usbd_conf.o
                0x08006e3c                USBD_LL_IsStallEP
 .text.USBD_LL_SetUSBAddress
                0x08006e94       0x3e ./USB_DEVICE/Target/usbd_conf.o
                0x08006e94                USBD_LL_SetUSBAddress
 .text.USBD_LL_Transmit
                0x08006ed2       0x42 ./USB_DEVICE/Target/usbd_conf.o
                0x08006ed2                USBD_LL_Transmit
 .text.USBD_LL_PrepareReceive
                0x08006f14       0x42 ./USB_DEVICE/Target/usbd_conf.o
                0x08006f14                USBD_LL_PrepareReceive
 .text.USBD_LL_GetRxDataSize
                0x08006f56       0x26 ./USB_DEVICE/Target/usbd_conf.o
                0x08006f56                USBD_LL_GetRxDataSize
 .text.USBD_static_malloc
                0x08006f7c       0x1c ./USB_DEVICE/Target/usbd_conf.o
                0x08006f7c                USBD_static_malloc
 .text.USBD_static_free
                0x08006f98       0x14 ./USB_DEVICE/Target/usbd_conf.o
                0x08006f98                USBD_static_free
 .text.USBD_Get_USB_Status
                0x08006fac       0x58 ./USB_DEVICE/Target/usbd_conf.o
                0x08006fac                USBD_Get_USB_Status
 .text.sprintf  0x08007004       0x44 /usr/lib/gcc/arm-none-eabi/14.2.0/../../../../arm-none-eabi/lib/thumb/v7e-m+fp/hard/libc_nano.a(libc_a-sprintf.o)
                0x08007004                sprintf
                0x08007004                siprintf
 .text.memset   0x08007048       0x10 /usr/lib/gcc/arm-none-eabi/14.2.0/../../../../arm-none-eabi/lib/thumb/v7e-m+fp/hard/libc_nano.a(libc_a-memset.o)
                0x08007048                memset
 .text.__errno  0x08007058        0xc /usr/lib/gcc/arm-none-eabi/14.2.0/../../../../arm-none-eabi/lib/thumb/v7e-m+fp/hard/libc_nano.a(libc_a-errno.o)
                0x08007058                __errno
 .text.__libc_init_array
                0x08007064       0x48 /usr/lib/gcc/arm-none-eabi/14.2.0/../../../../arm-none-eabi/lib/thumb/v7e-m+fp/hard/libc_nano.a(libc_a-init.o)
                0x08007064                __libc_init_array
 .text.__retarget_lock_acquire_recursive
                0x080070ac        0x2 /usr/lib/gcc/arm-none-eabi/14.2.0/../../../../arm-none-eabi/lib/thumb/v7e-m+fp/hard/libc_nano.a(libc_a-lock.o)
                0x080070ac                __retarget_lock_acquire_recursive
 .text.__retarget_lock_release_recursive
                0x080070ae        0x2 /usr/lib/gcc/arm-none-eabi/14.2.0/../../../../arm-none-eabi/lib/thumb/v7e-m+fp/hard/libc_nano.a(libc_a-lock.o)
                0x080070ae                __retarget_lock_release_recursive
 .text._free_r  0x080070b0       0x94 /usr/lib/gcc/arm-none-eabi/14.2.0/../../../../arm-none-eabi/lib/thumb/v7e-m+fp/hard/libc_nano.a(libc_a-freer.o)
                0x080070b0                _free_r
 .text.sbrk_aligned
                0x08007144       0x44 /usr/lib/gcc/arm-none-eabi/14.2.0/../../../../arm-none-eabi/lib/thumb/v7e-m+fp/hard/libc_nano.a(libc_a-mallocr.o)
 .text._malloc_r
                0x08007188      0x100 /usr/lib/gcc/arm-none-eabi/14.2.0/../../../../arm-none-eabi/lib/thumb/v7e-m+fp/hard/libc_nano.a(libc_a-mallocr.o)
                0x08007188                _malloc_r
 .text.__malloc_lock
                0x08007288        0xc /usr/lib/gcc/arm-none-eabi/14.2.0/../../../../arm-none-eabi/lib/thumb/v7e-m+fp/hard/libc_nano.a(libc_a-mlock.o)
                0x08007288                __malloc_lock
 .text.__malloc_unlock
                0x08007294        0xc /usr/lib/gcc/arm-none-eabi/14.2.0/../../../../arm-none-eabi/lib/thumb/v7e-m+fp/hard/libc_nano.a(libc_a-mlock.o)
                0x08007294                __malloc_unlock
 .text.__ssputs_r
                0x080072a0       0xc0 /usr/lib/gcc/arm-none-eabi/14.2.0/../../../../arm-none-eabi/lib/thumb/v7e-m+fp/hard/libc_nano.a(libc_a-nano-svfprintf.o)
                0x080072a0                __ssputs_r
 .text._svfprintf_r
                0x08007360      0x1f8 /usr/lib/gcc/arm-none-eabi/14.2.0/../../../../arm-none-eabi/lib/thumb/v7e-m+fp/hard/libc_nano.a(libc_a-nano-svfprintf.o)
                0x08007360                _svfprintf_r
                0x08007360                _svfiprintf_r
 .text._printf_common
                0x08007558       0xda /usr/lib/gcc/arm-none-eabi/14.2.0/../../../../arm-none-eabi/lib/thumb/v7e-m+fp/hard/libc_nano.a(libc_a-nano-vfprintf_i.o)
                0x08007558                _printf_common
 *fill*         0x08007632        0x2 
 .text._printf_i
                0x08007634      0x240 /usr/lib/gcc/arm-none-eabi/14.2.0/../../../../arm-none-eabi/lib/thumb/v7e-m+fp/hard/libc_nano.a(libc_a-nano-vfprintf_i.o)
                0x08007634                _printf_i
 .text.memmove  0x08007874       0x32 /usr/lib/gcc/arm-none-eabi/14.2.0/../../../../arm-none-eabi/lib/thumb/v7e-m+fp/hard/libc_nano.a(libc_a-memmove.o)
                0x08007874                memmove
 *fill*         0x080078a6        0x2 
 .text._sbrk_r  0x080078a8       0x20 /usr/lib/gcc/arm-none-eabi/14.2.0/../../../../arm-none-eabi/lib/thumb/v7e-m+fp/hard/libc_nano.a(libc_a-sbrkr.o)
                0x080078a8                _sbrk_r
 .text.memcpy   0x080078c8       0x1c /usr/lib/gcc/arm-none-eabi/14.2.0/../../../../arm-none-eabi/lib/thumb/v7e-m+fp/hard/libc_nano.a(libc_a-memcpy-stub.o)
                0x080078c8                memcpy
 .text._realloc_r
                0x080078e4       0x5c /usr/lib/gcc/arm-none-eabi/14.2.0/../../../../arm-none-eabi/lib/thumb/v7e-m+fp/hard/libc_nano.a(libc_a-reallocr.o)
                0x080078e4                _realloc_r
 .text._malloc_usable_size_r
                0x08007940       0x10 /usr/lib/gcc/arm-none-eabi/14.2.0/../../../../arm-none-eabi/lib/thumb/v7e-m+fp/hard/libc_nano.a(libc_a-msizer.o)
                0x08007940                _malloc_usable_size_r
 .text.__udivmoddi4
                0x08007950      0x2bc /usr/lib/gcc/arm-none-eabi/14.2.0/thumb/v7e-m+fp/hard/libgcc.a(_udivmoddi4.o)
                0x08007950                __udivmoddi4
 *(.glue_7)
 .glue_7        0x08007c0c        0x0 linker stubs
 *(.glue_7t)
 .glue_7t       0x08007c0c        0x0 linker stubs
 *(.eh_frame)
 .eh_frame      0x08007c0c        0x0 /usr/lib/gcc/arm-none-eabi/14.2.0/thumb/v7e-m+fp/hard/crtbegin.o
 *(.init)
 .init          0x08007c0c        0x4 /usr/lib/gcc/arm-none-eabi/14.2.0/thumb/v7e-m+fp/hard/crti.o
                0x08007c0c                _init
 .init          0x08007c10        0x8 /usr/lib/gcc/arm-none-eabi/14.2.0/thumb/v7e-m+fp/hard/crtn.o
 *(.fini)
 .fini          0x08007c18        0x4 /usr/lib/gcc/arm-none-eabi/14.2.0/thumb/v7e-m+fp/hard/crti.o
                0x08007c18                _fini
 .fini          0x08007c1c        0x8 /usr/lib/gcc/arm-none-eabi/14.2.0/thumb/v7e-m+fp/hard/crtn.o
                0x08007c24                        . = ALIGN (0x4)
                0x08007c24                        _etext = .

.vfp11_veneer   0x08007c24        0x0
 .vfp11_veneer  0x08007c24        0x0 linker stubs

.v4_bx          0x08007c24        0x0
 .v4_bx         0x08007c24        0x0 linker stubs

.iplt           0x08007c24        0x0
 .iplt          0x08007c24        0x0 /usr/lib/gcc/arm-none-eabi/14.2.0/thumb/v7e-m+fp/hard/crtbegin.o

.rodata         0x08007c24       0xd8
                0x08007c24                        . = ALIGN (0x4)
 *(.rodata)
 .rodata        0x08007c24       0x4a ./Core/Src/main.o
 *fill*         0x08007c6e        0x2 
 .rodata        0x08007c70       0x46 ./USB_DEVICE/App/usbd_desc.o
 *(.rodata*)
 *fill*         0x08007cb6        0x2 
 .rodata.AHBPrescTable
                0x08007cb8       0x10 ./Core/Src/system_stm32f4xx.o
                0x08007cb8                AHBPrescTable
 .rodata._svfprintf_r.str1.1
                0x08007cc8       0x33 /usr/lib/gcc/arm-none-eabi/14.2.0/../../../../arm-none-eabi/lib/thumb/v7e-m+fp/hard/libc_nano.a(libc_a-nano-svfprintf.o)
                                 0x11 (size before relaxing)
 .rodata._printf_i.str1.1
                0x08007cfb       0x22 /usr/lib/gcc/arm-none-eabi/14.2.0/../../../../arm-none-eabi/lib/thumb/v7e-m+fp/hard/libc_nano.a(libc_a-nano-vfprintf_i.o)
                0x08007d20                        . = ALIGN (0x4)
 *fill*         0x08007cfb        0x1 

.ARM.extab      0x08007cfc        0x0
                0x08007cfc                        . = ALIGN (0x4)
 *(.ARM.extab* .gnu.linkonce.armextab.*)
                0x08007cfc                        . = ALIGN (0x4)

.ARM            0x08007cfc        0x8
                0x08007cfc                        . = ALIGN (0x4)
                0x08007cfc                        __exidx_start = .
 *(.ARM.exidx*)
 .ARM.exidx     0x08007cfc        0x8 /usr/lib/gcc/arm-none-eabi/14.2.0/../../../../arm-none-eabi/lib/thumb/v7e-m+fp/hard/libc_nano.a(libc_a-strlen.o)
 .ARM.exidx     0x08007d04        0x0 /usr/lib/gcc/arm-none-eabi/14.2.0/../../../../arm-none-eabi/lib/thumb/v7e-m+fp/hard/libc_nano.a(libc_a-memchr.o)
                                  0x8 (size before relaxing)
 .ARM.exidx.text.__udivmoddi4
                0x08007d04        0x0 /usr/lib/gcc/arm-none-eabi/14.2.0/thumb/v7e-m+fp/hard/libgcc.a(_udivmoddi4.o)
                                  0x8 (size before relaxing)
                0x08007d04                        __exidx_end = .
                0x08007d04                        . = ALIGN (0x4)

.preinit_array  0x08007d04        0x0
                0x08007d04                        . = ALIGN (0x4)
                0x08007d04                        PROVIDE (__preinit_array_start = .)
 *(.preinit_array*)
                0x08007d04                        PROVIDE (__preinit_array_end = .)
                0x08007d04                        . = ALIGN (0x4)

.init_array     0x08007d04        0x4
                0x08007d04                        . = ALIGN (0x4)
                0x08007d04                        PROVIDE (__init_array_start = .)
 *(SORT_BY_NAME(.init_array.*))
 *(.init_array*)
 .init_array    0x08007d04        0x4 /usr/lib/gcc/arm-none-eabi/14.2.0/thumb/v7e-m+fp/hard/crtbegin.o
                0x08007d08                        PROVIDE (__init_array_end = .)
                0x08007d08                        . = ALIGN (0x4)

.fini_array     0x08007d08        0x4
                0x08007d08                        . = ALIGN (0x4)
                0x08007d08                        PROVIDE (__fini_array_start = .)
 *(SORT_BY_NAME(.fini_array.*))
 *(.fini_array*)
 .fini_array    0x08007d08        0x4 /usr/lib/gcc/arm-none-eabi/14.2.0/thumb/v7e-m+fp/hard/crtbegin.o
                0x08007d0c                        PROVIDE (__fini_array_end = .)
                0x08007d0c                        . = ALIGN (0x4)
                0x08007d0c                        _sidata = LOADADDR (.data)

.rel.dyn        0x08007d0c        0x0
 .rel.iplt      0x08007d0c        0x0 /usr/lib/gcc/arm-none-eabi/14.2.0/thumb/v7e-m+fp/hard/crtbegin.o

.data           0x20000000      0x14c load address 0x08007d0c
                0x20000000                        . = ALIGN (0x4)
                0x20000000                        _sdata = .
 *(.data)
 *(.data*)
 .data.SystemCoreClock
                0x20000000        0x4 ./Core/Src/system_stm32f4xx.o
                0x20000000                SystemCoreClock
 .data.uwTickPrio
                0x20000004        0x4 ./Drivers/STM32F4xx_HAL_Driver/Src/stm32f4xx_hal.o
                0x20000004                uwTickPrio
 .data.uwTickFreq
                0x20000008        0x1 ./Drivers/STM32F4xx_HAL_Driver/Src/stm32f4xx_hal.o
                0x20000008                uwTickFreq
 *fill*         0x20000009        0x3 
 .data.USBD_CDC_DeviceQualifierDesc
                0x2000000c        0xa ./Middlewares/ST/STM32_USB_Device_Library/Class/CDC/Src/usbd_cdc.o
 *fill*         0x20000016        0x2 
 .data.USBD_CDC
                0x20000018       0x38 ./Middlewares/ST/STM32_USB_Device_Library/Class/CDC/Src/usbd_cdc.o
                0x20000018                USBD_CDC
 .data.USBD_CDC_CfgDesc
                0x20000050       0x43 ./Middlewares/ST/STM32_USB_Device_Library/Class/CDC/Src/usbd_cdc.o
 .data.CDCInEpAdd
                0x20000093        0x1 ./Middlewares/ST/STM32_USB_Device_Library/Class/CDC/Src/usbd_cdc.o
 .data.CDCOutEpAdd
                0x20000094        0x1 ./Middlewares/ST/STM32_USB_Device_Library/Class/CDC/Src/usbd_cdc.o
 .data.CDCCmdEpAdd
                0x20000095        0x1 ./Middlewares/ST/STM32_USB_Device_Library/Class/CDC/Src/usbd_cdc.o
 *fill*         0x20000096        0x2 
 .data.USBD_Interface_fops_FS
                0x20000098       0x14 ./USB_DEVICE/App/usbd_cdc_if.o
                0x20000098                USBD_Interface_fops_FS
 .data.FS_Desc  0x200000ac       0x1c ./USB_DEVICE/App/usbd_desc.o
                0x200000ac                FS_Desc
 .data.USBD_FS_DeviceDesc
                0x200000c8       0x12 ./USB_DEVICE/App/usbd_desc.o
                0x200000c8                USBD_FS_DeviceDesc
 *fill*         0x200000da        0x2 
 .data.USBD_LangIDDesc
                0x200000dc        0x4 ./USB_DEVICE/App/usbd_desc.o
                0x200000dc                USBD_LangIDDesc
 .data.USBD_StringSerial
                0x200000e0       0x1a ./USB_DEVICE/App/usbd_desc.o
                0x200000e0                USBD_StringSerial
 *fill*         0x200000fa        0x2 
 .data._impure_ptr
                0x200000fc        0x4 /usr/lib/gcc/arm-none-eabi/14.2.0/../../../../arm-none-eabi/lib/thumb/v7e-m+fp/hard/libc_nano.a(libc_a-impure.o)
                0x200000fc                _impure_ptr
 .data._impure_data
                0x20000100       0x4c /usr/lib/gcc/arm-none-eabi/14.2.0/../../../../arm-none-eabi/lib/thumb/v7e-m+fp/hard/libc_nano.a(libc_a-impure.o)
                0x20000100                _impure_data
 *(.RamFunc)
 *(.RamFunc*)
                0x2000014c                        . = ALIGN (0x4)
                0x2000014c                        _edata = .
                0x08007e58                        _siccmram = LOADADDR (.ccmram)

.igot.plt       0x2000014c        0x0 load address 0x08007e58
 .igot.plt      0x2000014c        0x0 /usr/lib/gcc/arm-none-eabi/14.2.0/thumb/v7e-m+fp/hard/crtbegin.o

.ccmram         0x10000000        0x0 load address 0x08007e58
                0x10000000                        . = ALIGN (0x4)
                0x10000000                        _sccmram = .
 *(.ccmram)
 *(.ccmram*)
                0x10000000                        . = ALIGN (0x4)
                0x10000000                        _eccmram = .
                0x10000000                        . = ALIGN (0x4)

.bss            0x2000014c     0x1d98
                0x2000014c                        _sbss = .
                0x2000014c                        __bss_start__ = _sbss
 *(.bss)
 *(.bss*)
 .bss.completed.1
                0x2000014c        0x1 /usr/lib/gcc/arm-none-eabi/14.2.0/thumb/v7e-m+fp/hard/crtbegin.o
 *fill*         0x2000014d        0x3 
 .bss.object.0  0x20000150       0x18 /usr/lib/gcc/arm-none-eabi/14.2.0/thumb/v7e-m+fp/hard/crtbegin.o
 .bss.htim10    0x20000168       0x48 ./Core/Src/main.o
                0x20000168                htim10
 .bss.__sbrk_heap_end
                0x200001b0        0x4 ./Core/Src/sysmem.o
 .bss.uwTick    0x200001b4        0x4 ./Drivers/STM32F4xx_HAL_Driver/Src/stm32f4xx_hal.o
                0x200001b4                uwTick
 .bss.cfgidx.0  0x200001b8        0x1 ./Middlewares/ST/STM32_USB_Device_Library/Core/Src/usbd_ctlreq.o
 *fill*         0x200001b9        0x3 
 .bss.hUsbDeviceFS
                0x200001bc      0x2dc ./USB_DEVICE/App/usb_device.o
                0x200001bc                hUsbDeviceFS
 .bss.UserRxBufferFS
                0x20000498      0x800 ./USB_DEVICE/App/usbd_cdc_if.o
                0x20000498                UserRxBufferFS
 .bss.UserTxBufferFS
                0x20000c98      0x800 ./USB_DEVICE/App/usbd_cdc_if.o
                0x20000c98                UserTxBufferFS
 .bss.USBD_StrDesc
                0x20001498      0x200 ./USB_DEVICE/App/usbd_desc.o
                0x20001498                USBD_StrDesc
 .bss.hpcd_USB_OTG_FS
                0x20001698      0x4e4 ./USB_DEVICE/Target/usbd_conf.o
                0x20001698                hpcd_USB_OTG_FS
 .bss.mem.0     0x20001b7c      0x220 ./USB_DEVICE/Target/usbd_conf.o
 .bss.__sf      0x20001d9c      0x138 /usr/lib/gcc/arm-none-eabi/14.2.0/../../../../arm-none-eabi/lib/thumb/v7e-m+fp/hard/libc_nano.a(libc_a-findfp.o)
                0x20001d9c                __sf
 .bss.errno     0x20001ed4        0x4 /usr/lib/gcc/arm-none-eabi/14.2.0/../../../../arm-none-eabi/lib/thumb/v7e-m+fp/hard/libc_nano.a(libc_a-reent.o)
                0x20001ed4                errno
 .bss.__lock___malloc_recursive_mutex
                0x20001ed8        0x1 /usr/lib/gcc/arm-none-eabi/14.2.0/../../../../arm-none-eabi/lib/thumb/v7e-m+fp/hard/libc_nano.a(libc_a-lock.o)
                0x20001ed8                __lock___malloc_recursive_mutex
 *fill*         0x20001ed9        0x3 
 .bss.__malloc_sbrk_start
                0x20001edc        0x4 /usr/lib/gcc/arm-none-eabi/14.2.0/../../../../arm-none-eabi/lib/thumb/v7e-m+fp/hard/libc_nano.a(libc_a-mallocr.o)
                0x20001edc                __malloc_sbrk_start
 .bss.__malloc_free_list
                0x20001ee0        0x4 /usr/lib/gcc/arm-none-eabi/14.2.0/../../../../arm-none-eabi/lib/thumb/v7e-m+fp/hard/libc_nano.a(libc_a-mallocr.o)
                0x20001ee0                __malloc_free_list
 *(COMMON)
                0x20001ee4                        . = ALIGN (0x4)
                0x20001ee4                        _ebss = .
                0x20001ee4                        __bss_end__ = _ebss

._user_heap_stack
                0x20001ee4      0x604
                0x20001ee8                        . = ALIGN (0x8)
 *fill*         0x20001ee4        0x4 
                [!provide]                        PROVIDE (end = .)
                0x20001ee8                        PROVIDE (_end = .)
                0x200020e8                        . = (. + _Min_Heap_Size)
 *fill*         0x20001ee8      0x200 
                0x200024e8                        . = (. + _Min_Stack_Size)
 *fill*         0x200020e8      0x400 
                0x200024e8                        . = ALIGN (0x8)

/DISCARD/
 libc.a(*)
 libm.a(*)
 libgcc.a(*)

.ARM.attributes
                0x00000000       0x30
 *(.ARM.attributes)
 .ARM.attributes
                0x00000000       0x22 /usr/lib/gcc/arm-none-eabi/14.2.0/thumb/v7e-m+fp/hard/crti.o
 .ARM.attributes
                0x00000022       0x34 /usr/lib/gcc/arm-none-eabi/14.2.0/thumb/v7e-m+fp/hard/crtbegin.o
 .ARM.attributes
                0x00000056       0x34 ./Core/Src/main.o
 .ARM.attributes
                0x0000008a       0x34 ./Core/Src/stm32f4xx_hal_msp.o
 .ARM.attributes
                0x000000be       0x34 ./Core/Src/stm32f4xx_it.o
 .ARM.attributes
                0x000000f2       0x34 ./Core/Src/sysmem.o
 .ARM.attributes
                0x00000126       0x34 ./Core/Src/system_stm32f4xx.o
 .ARM.attributes
                0x0000015a       0x21 ./Core/Startup/startup_stm32f407vgtx.o
 .ARM.attributes
                0x0000017b       0x34 ./Drivers/STM32F4xx_HAL_Driver/Src/stm32f4xx_hal.o
 .ARM.attributes
                0x000001af       0x34 ./Drivers/STM32F4xx_HAL_Driver/Src/stm32f4xx_hal_cortex.o
 .ARM.attributes
                0x000001e3       0x34 ./Drivers/STM32F4xx_HAL_Driver/Src/stm32f4xx_hal_gpio.o
 .ARM.attributes
                0x00000217       0x34 ./Drivers/STM32F4xx_HAL_Driver/Src/stm32f4xx_hal_pcd.o
 .ARM.attributes
                0x0000024b       0x34 ./Drivers/STM32F4xx_HAL_Driver/Src/stm32f4xx_hal_pcd_ex.o
 .ARM.attributes
                0x0000027f       0x34 ./Drivers/STM32F4xx_HAL_Driver/Src/stm32f4xx_hal_rcc.o
 .ARM.attributes
                0x000002b3       0x34 ./Drivers/STM32F4xx_HAL_Driver/Src/stm32f4xx_hal_tim.o
 .ARM.attributes
                0x000002e7       0x34 ./Drivers/STM32F4xx_HAL_Driver/Src/stm32f4xx_ll_usb.o
 .ARM.attributes
                0x0000031b       0x34 ./Middlewares/ST/STM32_USB_Device_Library/Class/CDC/Src/usbd_cdc.o
 .ARM.attributes
                0x0000034f       0x34 ./Middlewares/ST/STM32_USB_Device_Library/Core/Src/usbd_core.o
 .ARM.attributes
                0x00000383       0x34 ./Middlewares/ST/STM32_USB_Device_Library/Core/Src/usbd_ctlreq.o
 .ARM.attributes
                0x000003b7       0x34 ./Middlewares/ST/STM32_USB_Device_Library/Core/Src/usbd_ioreq.o
 .ARM.attributes
                0x000003eb       0x34 ./USB_DEVICE/App/usb_device.o
 .ARM.attributes
                0x0000041f       0x34 ./USB_DEVICE/App/usbd_cdc_if.o
 .ARM.attributes
                0x00000453       0x34 ./USB_DEVICE/App/usbd_desc.o
 .ARM.attributes
                0x00000487       0x34 ./USB_DEVICE/Target/usbd_conf.o
 .ARM.attributes
                0x000004bb       0x34 /usr/lib/gcc/arm-none-eabi/14.2.0/../../../../arm-none-eabi/lib/thumb/v7e-m+fp/hard/libc_nano.a(libc_a-findfp.o)
 .ARM.attributes
                0x000004ef       0x34 /usr/lib/gcc/arm-none-eabi/14.2.0/../../../../arm-none-eabi/lib/thumb/v7e-m+fp/hard/libc_nano.a(libc_a-sprintf.o)
 .ARM.attributes
                0x00000523       0x34 /usr/lib/gcc/arm-none-eabi/14.2.0/../../../../arm-none-eabi/lib/thumb/v7e-m+fp/hard/libc_nano.a(libc_a-memset.o)
 .ARM.attributes
                0x00000557       0x34 /usr/lib/gcc/arm-none-eabi/14.2.0/../../../../arm-none-eabi/lib/thumb/v7e-m+fp/hard/libc_nano.a(libc_a-reent.o)
 .ARM.attributes
                0x0000058b       0x34 /usr/lib/gcc/arm-none-eabi/14.2.0/../../../../arm-none-eabi/lib/thumb/v7e-m+fp/hard/libc_nano.a(libc_a-impure.o)
 .ARM.attributes
                0x000005bf       0x34 /usr/lib/gcc/arm-none-eabi/14.2.0/../../../../arm-none-eabi/lib/thumb/v7e-m+fp/hard/libc_nano.a(libc_a-errno.o)
 .ARM.attributes
                0x000005f3       0x34 /usr/lib/gcc/arm-none-eabi/14.2.0/../../../../arm-none-eabi/lib/thumb/v7e-m+fp/hard/libc_nano.a(libc_a-init.o)
 .ARM.attributes
                0x00000627       0x34 /usr/lib/gcc/arm-none-eabi/14.2.0/../../../../arm-none-eabi/lib/thumb/v7e-m+fp/hard/libc_nano.a(libc_a-lock.o)
 .ARM.attributes
                0x0000065b       0x17 /usr/lib/gcc/arm-none-eabi/14.2.0/../../../../arm-none-eabi/lib/thumb/v7e-m+fp/hard/libc_nano.a(libc_a-strlen.o)
 .ARM.attributes
                0x00000672       0x34 /usr/lib/gcc/arm-none-eabi/14.2.0/../../../../arm-none-eabi/lib/thumb/v7e-m+fp/hard/libc_nano.a(libc_a-freer.o)
 .ARM.attributes
                0x000006a6       0x34 /usr/lib/gcc/arm-none-eabi/14.2.0/../../../../arm-none-eabi/lib/thumb/v7e-m+fp/hard/libc_nano.a(libc_a-mallocr.o)
 .ARM.attributes
                0x000006da       0x34 /usr/lib/gcc/arm-none-eabi/14.2.0/../../../../arm-none-eabi/lib/thumb/v7e-m+fp/hard/libc_nano.a(libc_a-mlock.o)
 .ARM.attributes
                0x0000070e       0x34 /usr/lib/gcc/arm-none-eabi/14.2.0/../../../../arm-none-eabi/lib/thumb/v7e-m+fp/hard/libc_nano.a(libc_a-nano-svfprintf.o)
 .ARM.attributes
                0x00000742       0x34 /usr/lib/gcc/arm-none-eabi/14.2.0/../../../../arm-none-eabi/lib/thumb/v7e-m+fp/hard/libc_nano.a(libc_a-nano-vfprintf_i.o)
 .ARM.attributes
                0x00000776       0x34 /usr/lib/gcc/arm-none-eabi/14.2.0/../../../../arm-none-eabi/lib/thumb/v7e-m+fp/hard/libc_nano.a(libc_a-memmove.o)
 .ARM.attributes
                0x000007aa       0x34 /usr/lib/gcc/arm-none-eabi/14.2.0/../../../../arm-none-eabi/lib/thumb/v7e-m+fp/hard/libc_nano.a(libc_a-sbrkr.o)
 .ARM.attributes
                0x000007de       0x1c /usr/lib/gcc/arm-none-eabi/14.2.0/../../../../arm-none-eabi/lib/thumb/v7e-m+fp/hard/libc_nano.a(libc_a-memchr.o)
 .ARM.attributes
                0x000007fa       0x34 /usr/lib/gcc/arm-none-eabi/14.2.0/../../../../arm-none-eabi/lib/thumb/v7e-m+fp/hard/libc_nano.a(libc_a-memcpy-stub.o)
 .ARM.attributes
                0x0000082e       0x34 /usr/lib/gcc/arm-none-eabi/14.2.0/../../../../arm-none-eabi/lib/thumb/v7e-m+fp/hard/libc_nano.a(libc_a-reallocr.o)
 .ARM.attributes
                0x00000862       0x34 /usr/lib/gcc/arm-none-eabi/14.2.0/../../../../arm-none-eabi/lib/thumb/v7e-m+fp/hard/libc_nano.a(libc_a-msizer.o)
 .ARM.attributes
                0x00000896       0x22 /usr/lib/gcc/arm-none-eabi/14.2.0/thumb/v7e-m+fp/hard/libgcc.a(_aeabi_uldivmod.o)
 .ARM.attributes
                0x000008b8       0x34 /usr/lib/gcc/arm-none-eabi/14.2.0/thumb/v7e-m+fp/hard/libgcc.a(_udivmoddi4.o)
 .ARM.attributes
                0x000008ec       0x22 /usr/lib/gcc/arm-none-eabi/14.2.0/thumb/v7e-m+fp/hard/libgcc.a(_dvmd_tls.o)
 .ARM.attributes
                0x0000090e       0x22 /usr/lib/gcc/arm-none-eabi/14.2.0/thumb/v7e-m+fp/hard/crtn.o
OUTPUT(ultrason.elf elf32-littlearm)
LOAD linker stubs
LOAD /usr/lib/gcc/arm-none-eabi/14.2.0/../../../../arm-none-eabi/lib/thumb/v7e-m+fp/hard/libc.a
LOAD /usr/lib/gcc/arm-none-eabi/14.2.0/../../../../arm-none-eabi/lib/thumb/v7e-m+fp/hard/libm.a
LOAD /usr/lib/gcc/arm-none-eabi/14.2.0/thumb/v7e-m+fp/hard/libgcc.a

.debug_info     0x00000000    0x199e9
 .debug_info    0x00000000      0xdf2 ./Core/Src/main.o
 .debug_info    0x00000df2      0x895 ./Core/Src/stm32f4xx_hal_msp.o
 .debug_info    0x00001687      0x627 ./Core/Src/stm32f4xx_it.o
 .debug_info    0x00001cae      0x168 ./Core/Src/sysmem.o
 .debug_info    0x00001e16      0x512 ./Core/Src/system_stm32f4xx.o
 .debug_info    0x00002328       0x30 ./Core/Startup/startup_stm32f407vgtx.o
 .debug_info    0x00002358      0x944 ./Drivers/STM32F4xx_HAL_Driver/Src/stm32f4xx_hal.o
 .debug_info    0x00002c9c      0xd8c ./Drivers/STM32F4xx_HAL_Driver/Src/stm32f4xx_hal_cortex.o
 .debug_info    0x00003a28      0x6c3 ./Drivers/STM32F4xx_HAL_Driver/Src/stm32f4xx_hal_gpio.o
 .debug_info    0x000040eb     0x156f ./Drivers/STM32F4xx_HAL_Driver/Src/stm32f4xx_hal_pcd.o
 .debug_info    0x0000565a      0x6ea ./Drivers/STM32F4xx_HAL_Driver/Src/stm32f4xx_hal_pcd_ex.o
 .debug_info    0x00005d44      0x8c3 ./Drivers/STM32F4xx_HAL_Driver/Src/stm32f4xx_hal_rcc.o
 .debug_info    0x00006607     0x299d ./Drivers/STM32F4xx_HAL_Driver/Src/stm32f4xx_hal_tim.o
 .debug_info    0x00008fa4     0x1993 ./Drivers/STM32F4xx_HAL_Driver/Src/stm32f4xx_ll_usb.o
 .debug_info    0x0000a937     0x12a5 ./Middlewares/ST/STM32_USB_Device_Library/Class/CDC/Src/usbd_cdc.o
 .debug_info    0x0000bbdc      0xe12 ./Middlewares/ST/STM32_USB_Device_Library/Core/Src/usbd_core.o
 .debug_info    0x0000c9ee      0xaeb ./Middlewares/ST/STM32_USB_Device_Library/Core/Src/usbd_ctlreq.o
 .debug_info    0x0000d4d9      0x762 ./Middlewares/ST/STM32_USB_Device_Library/Core/Src/usbd_ioreq.o
 .debug_info    0x0000dc3b      0x70e ./USB_DEVICE/App/usb_device.o
 .debug_info    0x0000e349      0x907 ./USB_DEVICE/App/usbd_cdc_if.o
 .debug_info    0x0000ec50      0x458 ./USB_DEVICE/App/usbd_desc.o
 .debug_info    0x0000f0a8     0x1c77 ./USB_DEVICE/Target/usbd_conf.o
 .debug_info    0x00010d1f      0xfb8 /usr/lib/gcc/arm-none-eabi/14.2.0/../../../../arm-none-eabi/lib/thumb/v7e-m+fp/hard/libc_nano.a(libc_a-findfp.o)
 .debug_info    0x00011cd7      0x885 /usr/lib/gcc/arm-none-eabi/14.2.0/../../../../arm-none-eabi/lib/thumb/v7e-m+fp/hard/libc_nano.a(libc_a-sprintf.o)
 .debug_info    0x0001255c       0xe0 /usr/lib/gcc/arm-none-eabi/14.2.0/../../../../arm-none-eabi/lib/thumb/v7e-m+fp/hard/libc_nano.a(libc_a-memset.o)
 .debug_info    0x0001263c      0x8a1 /usr/lib/gcc/arm-none-eabi/14.2.0/../../../../arm-none-eabi/lib/thumb/v7e-m+fp/hard/libc_nano.a(libc_a-reent.o)
 .debug_info    0x00012edd      0x715 /usr/lib/gcc/arm-none-eabi/14.2.0/../../../../arm-none-eabi/lib/thumb/v7e-m+fp/hard/libc_nano.a(libc_a-impure.o)
 .debug_info    0x000135f2      0x6fb /usr/lib/gcc/arm-none-eabi/14.2.0/../../../../arm-none-eabi/lib/thumb/v7e-m+fp/hard/libc_nano.a(libc_a-errno.o)
 .debug_info    0x00013ced      0x10b /usr/lib/gcc/arm-none-eabi/14.2.0/../../../../arm-none-eabi/lib/thumb/v7e-m+fp/hard/libc_nano.a(libc_a-init.o)
 .debug_info    0x00013df8      0x218 /usr/lib/gcc/arm-none-eabi/14.2.0/../../../../arm-none-eabi/lib/thumb/v7e-m+fp/hard/libc_nano.a(libc_a-lock.o)
 .debug_info    0x00014010       0x31 /usr/lib/gcc/arm-none-eabi/14.2.0/../../../../arm-none-eabi/lib/thumb/v7e-m+fp/hard/libc_nano.a(libc_a-strlen.o)
 .debug_info    0x00014041      0x851 /usr/lib/gcc/arm-none-eabi/14.2.0/../../../../arm-none-eabi/lib/thumb/v7e-m+fp/hard/libc_nano.a(libc_a-freer.o)
 .debug_info    0x00014892      0x9bc /usr/lib/gcc/arm-none-eabi/14.2.0/../../../../arm-none-eabi/lib/thumb/v7e-m+fp/hard/libc_nano.a(libc_a-mallocr.o)
 .debug_info    0x0001524e      0x76b /usr/lib/gcc/arm-none-eabi/14.2.0/../../../../arm-none-eabi/lib/thumb/v7e-m+fp/hard/libc_nano.a(libc_a-mlock.o)
 .debug_info    0x000159b9     0x10b3 /usr/lib/gcc/arm-none-eabi/14.2.0/../../../../arm-none-eabi/lib/thumb/v7e-m+fp/hard/libc_nano.a(libc_a-nano-svfprintf.o)
 .debug_info    0x00016a6c      0xde2 /usr/lib/gcc/arm-none-eabi/14.2.0/../../../../arm-none-eabi/lib/thumb/v7e-m+fp/hard/libc_nano.a(libc_a-nano-vfprintf_i.o)
 .debug_info    0x0001784e      0x10f /usr/lib/gcc/arm-none-eabi/14.2.0/../../../../arm-none-eabi/lib/thumb/v7e-m+fp/hard/libc_nano.a(libc_a-memmove.o)
 .debug_info    0x0001795d      0x782 /usr/lib/gcc/arm-none-eabi/14.2.0/../../../../arm-none-eabi/lib/thumb/v7e-m+fp/hard/libc_nano.a(libc_a-sbrkr.o)
 .debug_info    0x000180df       0x25 /usr/lib/gcc/arm-none-eabi/14.2.0/../../../../arm-none-eabi/lib/thumb/v7e-m+fp/hard/libc_nano.a(libc_a-memchr.o)
 .debug_info    0x00018104      0x121 /usr/lib/gcc/arm-none-eabi/14.2.0/../../../../arm-none-eabi/lib/thumb/v7e-m+fp/hard/libc_nano.a(libc_a-memcpy-stub.o)
 .debug_info    0x00018225      0x8cd /usr/lib/gcc/arm-none-eabi/14.2.0/../../../../arm-none-eabi/lib/thumb/v7e-m+fp/hard/libc_nano.a(libc_a-reallocr.o)
 .debug_info    0x00018af2      0x794 /usr/lib/gcc/arm-none-eabi/14.2.0/../../../../arm-none-eabi/lib/thumb/v7e-m+fp/hard/libc_nano.a(libc_a-msizer.o)
 .debug_info    0x00019286       0x24 /usr/lib/gcc/arm-none-eabi/14.2.0/thumb/v7e-m+fp/hard/libgcc.a(_aeabi_uldivmod.o)
 .debug_info    0x000192aa      0x703 /usr/lib/gcc/arm-none-eabi/14.2.0/thumb/v7e-m+fp/hard/libgcc.a(_udivmoddi4.o)
 .debug_info    0x000199ad       0x3c /usr/lib/gcc/arm-none-eabi/14.2.0/thumb/v7e-m+fp/hard/libgcc.a(_dvmd_tls.o)

.debug_abbrev   0x00000000     0x5019
 .debug_abbrev  0x00000000      0x29b ./Core/Src/main.o
 .debug_abbrev  0x0000029b      0x1a4 ./Core/Src/stm32f4xx_hal_msp.o
 .debug_abbrev  0x0000043f      0x1a4 ./Core/Src/stm32f4xx_it.o
 .debug_abbrev  0x000005e3       0xbc ./Core/Src/sysmem.o
 .debug_abbrev  0x0000069f      0x11a ./Core/Src/system_stm32f4xx.o
 .debug_abbrev  0x000007b9       0x24 ./Core/Startup/startup_stm32f407vgtx.o
 .debug_abbrev  0x000007dd      0x214 ./Drivers/STM32F4xx_HAL_Driver/Src/stm32f4xx_hal.o
 .debug_abbrev  0x000009f1      0x31d ./Drivers/STM32F4xx_HAL_Driver/Src/stm32f4xx_hal_cortex.o
 .debug_abbrev  0x00000d0e      0x1d4 ./Drivers/STM32F4xx_HAL_Driver/Src/stm32f4xx_hal_gpio.o
 .debug_abbrev  0x00000ee2      0x2b9 ./Drivers/STM32F4xx_HAL_Driver/Src/stm32f4xx_hal_pcd.o
 .debug_abbrev  0x0000119b      0x1da ./Drivers/STM32F4xx_HAL_Driver/Src/stm32f4xx_hal_pcd_ex.o
 .debug_abbrev  0x00001375      0x2b7 ./Drivers/STM32F4xx_HAL_Driver/Src/stm32f4xx_hal_rcc.o
 .debug_abbrev  0x0000162c      0x278 ./Drivers/STM32F4xx_HAL_Driver/Src/stm32f4xx_hal_tim.o
 .debug_abbrev  0x000018a4      0x2b3 ./Drivers/STM32F4xx_HAL_Driver/Src/stm32f4xx_ll_usb.o
 .debug_abbrev  0x00001b57      0x2d2 ./Middlewares/ST/STM32_USB_Device_Library/Class/CDC/Src/usbd_cdc.o
 .debug_abbrev  0x00001e29      0x27c ./Middlewares/ST/STM32_USB_Device_Library/Core/Src/usbd_core.o
 .debug_abbrev  0x000020a5      0x26f ./Middlewares/ST/STM32_USB_Device_Library/Core/Src/usbd_ctlreq.o
 .debug_abbrev  0x00002314      0x19a ./Middlewares/ST/STM32_USB_Device_Library/Core/Src/usbd_ioreq.o
 .debug_abbrev  0x000024ae      0x195 ./USB_DEVICE/App/usb_device.o
 .debug_abbrev  0x00002643      0x29d ./USB_DEVICE/App/usbd_cdc_if.o
 .debug_abbrev  0x000028e0      0x1e1 ./USB_DEVICE/App/usbd_desc.o
 .debug_abbrev  0x00002ac1      0x33f ./USB_DEVICE/Target/usbd_conf.o
 .debug_abbrev  0x00002e00      0x424 /usr/lib/gcc/arm-none-eabi/14.2.0/../../../../arm-none-eabi/lib/thumb/v7e-m+fp/hard/libc_nano.a(libc_a-findfp.o)
 .debug_abbrev  0x00003224      0x21c /usr/lib/gcc/arm-none-eabi/14.2.0/../../../../arm-none-eabi/lib/thumb/v7e-m+fp/hard/libc_nano.a(libc_a-sprintf.o)
 .debug_abbrev  0x00003440       0x9e /usr/lib/gcc/arm-none-eabi/14.2.0/../../../../arm-none-eabi/lib/thumb/v7e-m+fp/hard/libc_nano.a(libc_a-memset.o)
 .debug_abbrev  0x000034de      0x1f7 /usr/lib/gcc/arm-none-eabi/14.2.0/../../../../arm-none-eabi/lib/thumb/v7e-m+fp/hard/libc_nano.a(libc_a-reent.o)
 .debug_abbrev  0x000036d5      0x149 /usr/lib/gcc/arm-none-eabi/14.2.0/../../../../arm-none-eabi/lib/thumb/v7e-m+fp/hard/libc_nano.a(libc_a-impure.o)
 .debug_abbrev  0x0000381e      0x15e /usr/lib/gcc/arm-none-eabi/14.2.0/../../../../arm-none-eabi/lib/thumb/v7e-m+fp/hard/libc_nano.a(libc_a-errno.o)
 .debug_abbrev  0x0000397c       0xc9 /usr/lib/gcc/arm-none-eabi/14.2.0/../../../../arm-none-eabi/lib/thumb/v7e-m+fp/hard/libc_nano.a(libc_a-init.o)
 .debug_abbrev  0x00003a45      0x115 /usr/lib/gcc/arm-none-eabi/14.2.0/../../../../arm-none-eabi/lib/thumb/v7e-m+fp/hard/libc_nano.a(libc_a-lock.o)
 .debug_abbrev  0x00003b5a       0x28 /usr/lib/gcc/arm-none-eabi/14.2.0/../../../../arm-none-eabi/lib/thumb/v7e-m+fp/hard/libc_nano.a(libc_a-strlen.o)
 .debug_abbrev  0x00003b82      0x236 /usr/lib/gcc/arm-none-eabi/14.2.0/../../../../arm-none-eabi/lib/thumb/v7e-m+fp/hard/libc_nano.a(libc_a-freer.o)
 .debug_abbrev  0x00003db8      0x24a /usr/lib/gcc/arm-none-eabi/14.2.0/../../../../arm-none-eabi/lib/thumb/v7e-m+fp/hard/libc_nano.a(libc_a-mallocr.o)
 .debug_abbrev  0x00004002      0x1bf /usr/lib/gcc/arm-none-eabi/14.2.0/../../../../arm-none-eabi/lib/thumb/v7e-m+fp/hard/libc_nano.a(libc_a-mlock.o)
 .debug_abbrev  0x000041c1      0x31e /usr/lib/gcc/arm-none-eabi/14.2.0/../../../../arm-none-eabi/lib/thumb/v7e-m+fp/hard/libc_nano.a(libc_a-nano-svfprintf.o)
 .debug_abbrev  0x000044df      0x28e /usr/lib/gcc/arm-none-eabi/14.2.0/../../../../arm-none-eabi/lib/thumb/v7e-m+fp/hard/libc_nano.a(libc_a-nano-vfprintf_i.o)
 .debug_abbrev  0x0000476d       0xac /usr/lib/gcc/arm-none-eabi/14.2.0/../../../../arm-none-eabi/lib/thumb/v7e-m+fp/hard/libc_nano.a(libc_a-memmove.o)
 .debug_abbrev  0x00004819      0x1da /usr/lib/gcc/arm-none-eabi/14.2.0/../../../../arm-none-eabi/lib/thumb/v7e-m+fp/hard/libc_nano.a(libc_a-sbrkr.o)
 .debug_abbrev  0x000049f3       0x14 /usr/lib/gcc/arm-none-eabi/14.2.0/../../../../arm-none-eabi/lib/thumb/v7e-m+fp/hard/libc_nano.a(libc_a-memchr.o)
 .debug_abbrev  0x00004a07       0xc1 /usr/lib/gcc/arm-none-eabi/14.2.0/../../../../arm-none-eabi/lib/thumb/v7e-m+fp/hard/libc_nano.a(libc_a-memcpy-stub.o)
 .debug_abbrev  0x00004ac8      0x217 /usr/lib/gcc/arm-none-eabi/14.2.0/../../../../arm-none-eabi/lib/thumb/v7e-m+fp/hard/libc_nano.a(libc_a-reallocr.o)
 .debug_abbrev  0x00004cdf      0x196 /usr/lib/gcc/arm-none-eabi/14.2.0/../../../../arm-none-eabi/lib/thumb/v7e-m+fp/hard/libc_nano.a(libc_a-msizer.o)
 .debug_abbrev  0x00004e75       0x14 /usr/lib/gcc/arm-none-eabi/14.2.0/thumb/v7e-m+fp/hard/libgcc.a(_aeabi_uldivmod.o)
 .debug_abbrev  0x00004e89      0x16a /usr/lib/gcc/arm-none-eabi/14.2.0/thumb/v7e-m+fp/hard/libgcc.a(_udivmoddi4.o)
 .debug_abbrev  0x00004ff3       0x26 /usr/lib/gcc/arm-none-eabi/14.2.0/thumb/v7e-m+fp/hard/libgcc.a(_dvmd_tls.o)

.debug_aranges  0x00000000     0x1308
 .debug_aranges
                0x00000000       0x48 ./Core/Src/main.o
 .debug_aranges
                0x00000048       0x30 ./Core/Src/stm32f4xx_hal_msp.o
 .debug_aranges
                0x00000078       0x68 ./Core/Src/stm32f4xx_it.o
 .debug_aranges
                0x000000e0       0x20 ./Core/Src/sysmem.o
 .debug_aranges
                0x00000100       0x28 ./Core/Src/system_stm32f4xx.o
 .debug_aranges
                0x00000128       0x28 ./Core/Startup/startup_stm32f407vgtx.o
 .debug_aranges
                0x00000150       0xf0 ./Drivers/STM32F4xx_HAL_Driver/Src/stm32f4xx_hal.o
 .debug_aranges
                0x00000240      0x130 ./Drivers/STM32F4xx_HAL_Driver/Src/stm32f4xx_hal_cortex.o
 .debug_aranges
                0x00000370       0x58 ./Drivers/STM32F4xx_HAL_Driver/Src/stm32f4xx_hal_gpio.o
 .debug_aranges
                0x000003c8      0x148 ./Drivers/STM32F4xx_HAL_Driver/Src/stm32f4xx_hal_pcd.o
 .debug_aranges
                0x00000510       0x38 ./Drivers/STM32F4xx_HAL_Driver/Src/stm32f4xx_hal_pcd_ex.o
 .debug_aranges
                0x00000548       0x88 ./Drivers/STM32F4xx_HAL_Driver/Src/stm32f4xx_hal_rcc.o
 .debug_aranges
                0x000005d0      0x3d0 ./Drivers/STM32F4xx_HAL_Driver/Src/stm32f4xx_hal_tim.o
 .debug_aranges
                0x000009a0      0x1a0 ./Drivers/STM32F4xx_HAL_Driver/Src/stm32f4xx_ll_usb.o
 .debug_aranges
                0x00000b40       0x90 ./Middlewares/ST/STM32_USB_Device_Library/Class/CDC/Src/usbd_cdc.o
 .debug_aranges
                0x00000bd0       0xd8 ./Middlewares/ST/STM32_USB_Device_Library/Core/Src/usbd_core.o
 .debug_aranges
                0x00000ca8       0x90 ./Middlewares/ST/STM32_USB_Device_Library/Core/Src/usbd_ctlreq.o
 .debug_aranges
                0x00000d38       0x50 ./Middlewares/ST/STM32_USB_Device_Library/Core/Src/usbd_ioreq.o
 .debug_aranges
                0x00000d88       0x20 ./USB_DEVICE/App/usb_device.o
 .debug_aranges
                0x00000da8       0x48 ./USB_DEVICE/App/usbd_cdc_if.o
 .debug_aranges
                0x00000df0       0x60 ./USB_DEVICE/App/usbd_desc.o
 .debug_aranges
                0x00000e50      0x110 ./USB_DEVICE/Target/usbd_conf.o
 .debug_aranges
                0x00000f60       0x78 /usr/lib/gcc/arm-none-eabi/14.2.0/../../../../arm-none-eabi/lib/thumb/v7e-m+fp/hard/libc_nano.a(libc_a-findfp.o)
 .debug_aranges
                0x00000fd8       0x28 /usr/lib/gcc/arm-none-eabi/14.2.0/../../../../arm-none-eabi/lib/thumb/v7e-m+fp/hard/libc_nano.a(libc_a-sprintf.o)
 .debug_aranges
                0x00001000       0x20 /usr/lib/gcc/arm-none-eabi/14.2.0/../../../../arm-none-eabi/lib/thumb/v7e-m+fp/hard/libc_nano.a(libc_a-memset.o)
 .debug_aranges
                0x00001020       0x20 /usr/lib/gcc/arm-none-eabi/14.2.0/../../../../arm-none-eabi/lib/thumb/v7e-m+fp/hard/libc_nano.a(libc_a-reent.o)
 .debug_aranges
                0x00001040       0x18 /usr/lib/gcc/arm-none-eabi/14.2.0/../../../../arm-none-eabi/lib/thumb/v7e-m+fp/hard/libc_nano.a(libc_a-impure.o)
 .debug_aranges
                0x00001058       0x20 /usr/lib/gcc/arm-none-eabi/14.2.0/../../../../arm-none-eabi/lib/thumb/v7e-m+fp/hard/libc_nano.a(libc_a-errno.o)
 .debug_aranges
                0x00001078       0x20 /usr/lib/gcc/arm-none-eabi/14.2.0/../../../../arm-none-eabi/lib/thumb/v7e-m+fp/hard/libc_nano.a(libc_a-init.o)
 .debug_aranges
                0x00001098       0x68 /usr/lib/gcc/arm-none-eabi/14.2.0/../../../../arm-none-eabi/lib/thumb/v7e-m+fp/hard/libc_nano.a(libc_a-lock.o)
 .debug_aranges
                0x00001100       0x20 /usr/lib/gcc/arm-none-eabi/14.2.0/../../../../arm-none-eabi/lib/thumb/v7e-m+fp/hard/libc_nano.a(libc_a-strlen.o)
 .debug_aranges
                0x00001120       0x20 /usr/lib/gcc/arm-none-eabi/14.2.0/../../../../arm-none-eabi/lib/thumb/v7e-m+fp/hard/libc_nano.a(libc_a-freer.o)
 .debug_aranges
                0x00001140       0x28 /usr/lib/gcc/arm-none-eabi/14.2.0/../../../../arm-none-eabi/lib/thumb/v7e-m+fp/hard/libc_nano.a(libc_a-mallocr.o)
 .debug_aranges
                0x00001168       0x28 /usr/lib/gcc/arm-none-eabi/14.2.0/../../../../arm-none-eabi/lib/thumb/v7e-m+fp/hard/libc_nano.a(libc_a-mlock.o)
 .debug_aranges
                0x00001190       0x30 /usr/lib/gcc/arm-none-eabi/14.2.0/../../../../arm-none-eabi/lib/thumb/v7e-m+fp/hard/libc_nano.a(libc_a-nano-svfprintf.o)
 .debug_aranges
                0x000011c0       0x28 /usr/lib/gcc/arm-none-eabi/14.2.0/../../../../arm-none-eabi/lib/thumb/v7e-m+fp/hard/libc_nano.a(libc_a-nano-vfprintf_i.o)
 .debug_aranges
                0x000011e8       0x20 /usr/lib/gcc/arm-none-eabi/14.2.0/../../../../arm-none-eabi/lib/thumb/v7e-m+fp/hard/libc_nano.a(libc_a-memmove.o)
 .debug_aranges
                0x00001208       0x20 /usr/lib/gcc/arm-none-eabi/14.2.0/../../../../arm-none-eabi/lib/thumb/v7e-m+fp/hard/libc_nano.a(libc_a-sbrkr.o)
 .debug_aranges
                0x00001228       0x20 /usr/lib/gcc/arm-none-eabi/14.2.0/../../../../arm-none-eabi/lib/thumb/v7e-m+fp/hard/libc_nano.a(libc_a-memchr.o)
 .debug_aranges
                0x00001248       0x20 /usr/lib/gcc/arm-none-eabi/14.2.0/../../../../arm-none-eabi/lib/thumb/v7e-m+fp/hard/libc_nano.a(libc_a-memcpy-stub.o)
 .debug_aranges
                0x00001268       0x20 /usr/lib/gcc/arm-none-eabi/14.2.0/../../../../arm-none-eabi/lib/thumb/v7e-m+fp/hard/libc_nano.a(libc_a-reallocr.o)
 .debug_aranges
                0x00001288       0x20 /usr/lib/gcc/arm-none-eabi/14.2.0/../../../../arm-none-eabi/lib/thumb/v7e-m+fp/hard/libc_nano.a(libc_a-msizer.o)
 .debug_aranges
                0x000012a8       0x20 /usr/lib/gcc/arm-none-eabi/14.2.0/thumb/v7e-m+fp/hard/libgcc.a(_aeabi_uldivmod.o)
 .debug_aranges
                0x000012c8       0x20 /usr/lib/gcc/arm-none-eabi/14.2.0/thumb/v7e-m+fp/hard/libgcc.a(_udivmoddi4.o)
 .debug_aranges
                0x000012e8       0x20 /usr/lib/gcc/arm-none-eabi/14.2.0/thumb/v7e-m+fp/hard/libgcc.a(_dvmd_tls.o)

.debug_rnglists
                0x00000000      0xeaa
 .debug_rnglists
                0x00000000       0x34 ./Core/Src/main.o
 .debug_rnglists
                0x00000034       0x1f ./Core/Src/stm32f4xx_hal_msp.o
 .debug_rnglists
                0x00000053       0x49 ./Core/Src/stm32f4xx_it.o
 .debug_rnglists
                0x0000009c       0x13 ./Core/Src/sysmem.o
 .debug_rnglists
                0x000000af       0x1a ./Core/Src/system_stm32f4xx.o
 .debug_rnglists
                0x000000c9       0x19 ./Core/Startup/startup_stm32f407vgtx.o
 .debug_rnglists
                0x000000e2       0xaf ./Drivers/STM32F4xx_HAL_Driver/Src/stm32f4xx_hal.o
 .debug_rnglists
                0x00000191       0xe0 ./Drivers/STM32F4xx_HAL_Driver/Src/stm32f4xx_hal_cortex.o
 .debug_rnglists
                0x00000271       0x3f ./Drivers/STM32F4xx_HAL_Driver/Src/stm32f4xx_hal_gpio.o
 .debug_rnglists
                0x000002b0       0xfa ./Drivers/STM32F4xx_HAL_Driver/Src/stm32f4xx_hal_pcd.o
 .debug_rnglists
                0x000003aa       0x26 ./Drivers/STM32F4xx_HAL_Driver/Src/stm32f4xx_hal_pcd_ex.o
 .debug_rnglists
                0x000003d0       0x66 ./Drivers/STM32F4xx_HAL_Driver/Src/stm32f4xx_hal_rcc.o
 .debug_rnglists
                0x00000436      0x31a ./Drivers/STM32F4xx_HAL_Driver/Src/stm32f4xx_hal_tim.o
 .debug_rnglists
                0x00000750      0x147 ./Drivers/STM32F4xx_HAL_Driver/Src/stm32f4xx_ll_usb.o
 .debug_rnglists
                0x00000897       0x6c ./Middlewares/ST/STM32_USB_Device_Library/Class/CDC/Src/usbd_cdc.o
 .debug_rnglists
                0x00000903       0xa1 ./Middlewares/ST/STM32_USB_Device_Library/Core/Src/usbd_core.o
 .debug_rnglists
                0x000009a4       0x6e ./Middlewares/ST/STM32_USB_Device_Library/Core/Src/usbd_ctlreq.o
 .debug_rnglists
                0x00000a12       0x37 ./Middlewares/ST/STM32_USB_Device_Library/Core/Src/usbd_ioreq.o
 .debug_rnglists
                0x00000a49       0x13 ./USB_DEVICE/App/usb_device.o
 .debug_rnglists
                0x00000a5c       0x32 ./USB_DEVICE/App/usbd_cdc_if.o
 .debug_rnglists
                0x00000a8e       0x43 ./USB_DEVICE/App/usbd_desc.o
 .debug_rnglists
                0x00000ad1       0xc9 ./USB_DEVICE/Target/usbd_conf.o
 .debug_rnglists
                0x00000b9a       0x7d /usr/lib/gcc/arm-none-eabi/14.2.0/../../../../arm-none-eabi/lib/thumb/v7e-m+fp/hard/libc_nano.a(libc_a-findfp.o)
 .debug_rnglists
                0x00000c17       0x19 /usr/lib/gcc/arm-none-eabi/14.2.0/../../../../arm-none-eabi/lib/thumb/v7e-m+fp/hard/libc_nano.a(libc_a-sprintf.o)
 .debug_rnglists
                0x00000c30       0x13 /usr/lib/gcc/arm-none-eabi/14.2.0/../../../../arm-none-eabi/lib/thumb/v7e-m+fp/hard/libc_nano.a(libc_a-memset.o)
 .debug_rnglists
                0x00000c43       0x2c /usr/lib/gcc/arm-none-eabi/14.2.0/../../../../arm-none-eabi/lib/thumb/v7e-m+fp/hard/libc_nano.a(libc_a-reent.o)
 .debug_rnglists
                0x00000c6f       0x13 /usr/lib/gcc/arm-none-eabi/14.2.0/../../../../arm-none-eabi/lib/thumb/v7e-m+fp/hard/libc_nano.a(libc_a-errno.o)
 .debug_rnglists
                0x00000c82       0x13 /usr/lib/gcc/arm-none-eabi/14.2.0/../../../../arm-none-eabi/lib/thumb/v7e-m+fp/hard/libc_nano.a(libc_a-init.o)
 .debug_rnglists
                0x00000c95       0x49 /usr/lib/gcc/arm-none-eabi/14.2.0/../../../../arm-none-eabi/lib/thumb/v7e-m+fp/hard/libc_nano.a(libc_a-lock.o)
 .debug_rnglists
                0x00000cde       0x14 /usr/lib/gcc/arm-none-eabi/14.2.0/../../../../arm-none-eabi/lib/thumb/v7e-m+fp/hard/libc_nano.a(libc_a-freer.o)
 .debug_rnglists
                0x00000cf2       0x2c /usr/lib/gcc/arm-none-eabi/14.2.0/../../../../arm-none-eabi/lib/thumb/v7e-m+fp/hard/libc_nano.a(libc_a-mallocr.o)
 .debug_rnglists
                0x00000d1e       0x19 /usr/lib/gcc/arm-none-eabi/14.2.0/../../../../arm-none-eabi/lib/thumb/v7e-m+fp/hard/libc_nano.a(libc_a-mlock.o)
 .debug_rnglists
                0x00000d37       0x40 /usr/lib/gcc/arm-none-eabi/14.2.0/../../../../arm-none-eabi/lib/thumb/v7e-m+fp/hard/libc_nano.a(libc_a-nano-svfprintf.o)
 .debug_rnglists
                0x00000d77       0x61 /usr/lib/gcc/arm-none-eabi/14.2.0/../../../../arm-none-eabi/lib/thumb/v7e-m+fp/hard/libc_nano.a(libc_a-nano-vfprintf_i.o)
 .debug_rnglists
                0x00000dd8       0x13 /usr/lib/gcc/arm-none-eabi/14.2.0/../../../../arm-none-eabi/lib/thumb/v7e-m+fp/hard/libc_nano.a(libc_a-memmove.o)
 .debug_rnglists
                0x00000deb       0x13 /usr/lib/gcc/arm-none-eabi/14.2.0/../../../../arm-none-eabi/lib/thumb/v7e-m+fp/hard/libc_nano.a(libc_a-sbrkr.o)
 .debug_rnglists
                0x00000dfe       0x13 /usr/lib/gcc/arm-none-eabi/14.2.0/../../../../arm-none-eabi/lib/thumb/v7e-m+fp/hard/libc_nano.a(libc_a-memcpy-stub.o)
 .debug_rnglists
                0x00000e11       0x13 /usr/lib/gcc/arm-none-eabi/14.2.0/../../../../arm-none-eabi/lib/thumb/v7e-m+fp/hard/libc_nano.a(libc_a-reallocr.o)
 .debug_rnglists
                0x00000e24       0x13 /usr/lib/gcc/arm-none-eabi/14.2.0/../../../../arm-none-eabi/lib/thumb/v7e-m+fp/hard/libc_nano.a(libc_a-msizer.o)
 .debug_rnglists
                0x00000e37       0x73 /usr/lib/gcc/arm-none-eabi/14.2.0/thumb/v7e-m+fp/hard/libgcc.a(_udivmoddi4.o)

.debug_macro    0x00000000    0x2365a
 .debug_macro   0x00000000      0x39b ./Core/Src/main.o
 .debug_macro   0x0000039b      0xad8 ./Core/Src/main.o
 .debug_macro   0x00000e73      0x29b ./Core/Src/main.o
 .debug_macro   0x0000110e       0x2e ./Core/Src/main.o
 .debug_macro   0x0000113c       0x2f ./Core/Src/main.o
 .debug_macro   0x0000116b       0x22 ./Core/Src/main.o
 .debug_macro   0x0000118d       0x8e ./Core/Src/main.o
 .debug_macro   0x0000121b       0x51 ./Core/Src/main.o
 .debug_macro   0x0000126c      0x103 ./Core/Src/main.o
 .debug_macro   0x0000136f       0x6a ./Core/Src/main.o
 .debug_macro   0x000013d9      0x1df ./Core/Src/main.o
 .debug_macro   0x000015b8       0x1c ./Core/Src/main.o
 .debug_macro   0x000015d4       0x22 ./Core/Src/main.o
 .debug_macro   0x000015f6       0xfb ./Core/Src/main.o
 .debug_macro   0x000016f1     0x1011 ./Core/Src/main.o
 .debug_macro   0x00002702      0x11f ./Core/Src/main.o
 .debug_macro   0x00002821    0x15ea5 ./Core/Src/main.o
 .debug_macro   0x000186c6       0x6d ./Core/Src/main.o
 .debug_macro   0x00018733     0x3693 ./Core/Src/main.o
 .debug_macro   0x0001bdc6      0x190 ./Core/Src/main.o
 .debug_macro   0x0001bf56       0x5c ./Core/Src/main.o
 .debug_macro   0x0001bfb2      0x980 ./Core/Src/main.o
 .debug_macro   0x0001c932      0x9e9 ./Core/Src/main.o
 .debug_macro   0x0001d31b      0x115 ./Core/Src/main.o
 .debug_macro   0x0001d430      0x13e ./Core/Src/main.o
 .debug_macro   0x0001d56e       0xa5 ./Core/Src/main.o
 .debug_macro   0x0001d613      0x174 ./Core/Src/main.o
 .debug_macro   0x0001d787      0x287 ./Core/Src/main.o
 .debug_macro   0x0001da0e       0x5f ./Core/Src/main.o
 .debug_macro   0x0001da6d      0x236 ./Core/Src/main.o
 .debug_macro   0x0001dca3      0x12c ./Core/Src/main.o
 .debug_macro   0x0001ddcf      0x21e ./Core/Src/main.o
 .debug_macro   0x0001dfed       0x2e ./Core/Src/main.o
 .debug_macro   0x0001e01b      0x127 ./Core/Src/main.o
 .debug_macro   0x0001e142       0x7e ./Core/Src/main.o
 .debug_macro   0x0001e1c0       0x89 ./Core/Src/main.o
 .debug_macro   0x0001e249      0x8ed ./Core/Src/main.o
 .debug_macro   0x0001eb36       0x4d ./Core/Src/main.o
 .debug_macro   0x0001eb83      0x293 ./Core/Src/main.o
 .debug_macro   0x0001ee16       0xba ./Core/Src/main.o
 .debug_macro   0x0001eed0      0x12d ./Core/Src/main.o
 .debug_macro   0x0001effd       0x61 ./Core/Src/main.o
 .debug_macro   0x0001f05e       0x2a ./Core/Src/main.o
 .debug_macro   0x0001f088       0x43 ./Core/Src/main.o
 .debug_macro   0x0001f0cb       0x34 ./Core/Src/main.o
 .debug_macro   0x0001f0ff       0x16 ./Core/Src/main.o
 .debug_macro   0x0001f115       0x3c ./Core/Src/main.o
 .debug_macro   0x0001f151      0x364 ./Core/Src/main.o
 .debug_macro   0x0001f4b5       0x10 ./Core/Src/main.o
 .debug_macro   0x0001f4c5       0x16 ./Core/Src/main.o
 .debug_macro   0x0001f4db       0x4a ./Core/Src/main.o
 .debug_macro   0x0001f525       0x34 ./Core/Src/main.o
 .debug_macro   0x0001f559       0x10 ./Core/Src/main.o
 .debug_macro   0x0001f569       0x58 ./Core/Src/main.o
 .debug_macro   0x0001f5c1       0x8e ./Core/Src/main.o
 .debug_macro   0x0001f64f       0x1c ./Core/Src/main.o
 .debug_macro   0x0001f66b      0x185 ./Core/Src/main.o
 .debug_macro   0x0001f7f0       0x16 ./Core/Src/main.o
 .debug_macro   0x0001f806       0x16 ./Core/Src/main.o
 .debug_macro   0x0001f81c      0x146 ./Core/Src/main.o
 .debug_macro   0x0001f962       0x16 ./Core/Src/main.o
 .debug_macro   0x0001f978       0x16 ./Core/Src/main.o
 .debug_macro   0x0001f98e       0x29 ./Core/Src/main.o
 .debug_macro   0x0001f9b7       0x16 ./Core/Src/main.o
 .debug_macro   0x0001f9cd       0x65 ./Core/Src/main.o
 .debug_macro   0x0001fa32      0x20f ./Core/Src/main.o
 .debug_macro   0x0001fc41       0x95 ./Core/Src/main.o
 .debug_macro   0x0001fcd6       0x10 ./Core/Src/main.o
 .debug_macro   0x0001fce6      0x1f2 ./Core/Src/stm32f4xx_hal_msp.o
 .debug_macro   0x0001fed8      0x1fc ./Core/Src/stm32f4xx_it.o
 .debug_macro   0x000200d4      0x112 ./Core/Src/sysmem.o
 .debug_macro   0x000201e6      0x23c ./Core/Src/sysmem.o
 .debug_macro   0x00020422      0x1e8 ./Core/Src/system_stm32f4xx.o
 .debug_macro   0x0002060a      0x248 ./Drivers/STM32F4xx_HAL_Driver/Src/stm32f4xx_hal.o
 .debug_macro   0x00020852      0x1e8 ./Drivers/STM32F4xx_HAL_Driver/Src/stm32f4xx_hal_cortex.o
 .debug_macro   0x00020a3a      0x1ee ./Drivers/STM32F4xx_HAL_Driver/Src/stm32f4xx_hal_gpio.o
 .debug_macro   0x00020c28      0x1f4 ./Drivers/STM32F4xx_HAL_Driver/Src/stm32f4xx_hal_pcd.o
 .debug_macro   0x00020e1c      0x1e8 ./Drivers/STM32F4xx_HAL_Driver/Src/stm32f4xx_hal_pcd_ex.o
 .debug_macro   0x00021004      0x20c ./Drivers/STM32F4xx_HAL_Driver/Src/stm32f4xx_hal_rcc.o
 .debug_macro   0x00021210      0x1e9 ./Drivers/STM32F4xx_HAL_Driver/Src/stm32f4xx_hal_tim.o
 .debug_macro   0x000213f9      0x1e8 ./Drivers/STM32F4xx_HAL_Driver/Src/stm32f4xx_ll_usb.o
 .debug_macro   0x000215e1      0x37c ./Middlewares/ST/STM32_USB_Device_Library/Class/CDC/Src/usbd_cdc.o
 .debug_macro   0x0002195d       0x9e ./Middlewares/ST/STM32_USB_Device_Library/Class/CDC/Src/usbd_cdc.o
 .debug_macro   0x000219fb      0x112 ./Middlewares/ST/STM32_USB_Device_Library/Class/CDC/Src/usbd_cdc.o
 .debug_macro   0x00021b0d       0x56 ./Middlewares/ST/STM32_USB_Device_Library/Class/CDC/Src/usbd_cdc.o
 .debug_macro   0x00021b63      0x363 ./Middlewares/ST/STM32_USB_Device_Library/Core/Src/usbd_core.o
 .debug_macro   0x00021ec6      0x215 ./Middlewares/ST/STM32_USB_Device_Library/Core/Src/usbd_core.o
 .debug_macro   0x000220db      0x36d ./Middlewares/ST/STM32_USB_Device_Library/Core/Src/usbd_ctlreq.o
 .debug_macro   0x00022448      0x369 ./Middlewares/ST/STM32_USB_Device_Library/Core/Src/usbd_ioreq.o
 .debug_macro   0x000227b1      0x3a2 ./USB_DEVICE/App/usb_device.o
 .debug_macro   0x00022b53       0x22 ./USB_DEVICE/App/usb_device.o
 .debug_macro   0x00022b75       0x16 ./USB_DEVICE/App/usb_device.o
 .debug_macro   0x00022b8b      0x387 ./USB_DEVICE/App/usbd_cdc_if.o
 .debug_macro   0x00022f12      0x3a6 ./USB_DEVICE/App/usbd_desc.o
 .debug_macro   0x000232b8       0x1c ./USB_DEVICE/App/usbd_desc.o
 .debug_macro   0x000232d4      0x386 ./USB_DEVICE/Target/usbd_conf.o

.debug_line     0x00000000    0x12bf8
 .debug_line    0x00000000      0x83c ./Core/Src/main.o
 .debug_line    0x0000083c      0x4df ./Core/Src/stm32f4xx_hal_msp.o
 .debug_line    0x00000d1b      0x56d ./Core/Src/stm32f4xx_it.o
 .debug_line    0x00001288      0x224 ./Core/Src/sysmem.o
 .debug_line    0x000014ac      0x51c ./Core/Src/system_stm32f4xx.o
 .debug_line    0x000019c8       0x7a ./Core/Startup/startup_stm32f407vgtx.o
 .debug_line    0x00001a42      0x798 ./Drivers/STM32F4xx_HAL_Driver/Src/stm32f4xx_hal.o
 .debug_line    0x000021da      0xa68 ./Drivers/STM32F4xx_HAL_Driver/Src/stm32f4xx_hal_cortex.o